                          [CD]
                          /
            Magical    Chamber      Weapon
            Donations-of Donations--Donations
                         |
                       Armor
                       Donations



        Corner----------------Circuit--------------------Path------------------------------------Circuit-------------------------------------------Corner
           |                   Road                  to the Plains                                Road                                                |
           |                                                                                                                                          |
           |                                                                                                                                          |
           |                                                                                                                                          |
           |                                                                                                                                          |
           |                                                                          Guildmaster                                                     |
           |                                                                           /                                                              |
           |                                                                       Offices                                                            |
           |                                  Guildmaster                        of Guild                                                             |
           |                                     |                                 /                                                                  |
           |                        Illithid's Inside                        Elven/             Pet                      Aerie                        |
           |                             Bar---Illithid  Merc               /Guild              Shop                     /                            |
           |                                    Guild    Store         Elven   |                Store              Inside                             |
           |                                     |                      Bar    |                                  / Tower                             |
        Circuit                                  |         (pets)              |                                 /   |                                |
          Road                                   |     Mercenaries  Magic    Honor   Sage's     Pet            Bar Outside                            |
           |                                     |      Unlimited   Shop     Avenue  Residence  Shop                Tower   Guilmaster                |
           |                         Entrance   End        |         |         |      |          |                   |        |                       |
           |                          Darkling--Justice--Corner--Justice----Corner--Justice---Justice--Justice--.--Outside--Human                     |
           |                           Guild    Street     |      Street            Street     Street  Street      Human    Guild                     |
           |                          /                    |                                   |                    Dojo      |                       |
           |                      Ante         Castellan-Liberty                               |                            Relaxation                |                                             
           |                     Chamber        Office    Lane                                 |                             Room                     |                                                  
           |           [11]        |                       |           Interior---...Thalos  Stalwart--Armory                                  [13]   |   
           |            /`  Guildhall                      |            Temple (A back alley) Lane                                              /`    |     
           |        Guard            Tracey Thaumaturgist  |                 |                 |                                         Inside       |    
           |        Tower              Cafe     Shop       |                 |                 |                                        GuardTower    |    
           |          |                  |        |        |                 |                 |                                            |         |    
        Outside    Inside   Approach. Victory  Victory     |    Victory      |       Victory   |     Victory          Victory  Approaching Inside Outside  
        VPW Gate---VPW Gate--Gate VPW--Parade--Parade----Inter--Parade-----Temple----Parade--Corner--Parade------------Parade--Gate at-----VPE------VPE-->...New Thalos 
           |          |                 West    West    section  West       Anon      East     |      East             East     V.P.E.     Gate    Gate     (Dark Passage)
           |         Guard [12]                   |        |               / |                 |       |                 |`(key)            |    [14]|                                            
           |         Tower/`                  Artificer    |             [CD]|                 |     Ehancing Bizarre--Portal    Bare    Inside /`   |     
           |                               Workshop        |                 |                 |       Shop    Room    Chambers--Room  GuardTower    |     
           |                                        Inside |                 |                 |                          |                          |    
           |                                      Chippy   |                 |                 |                        Steel                        |      
           |                                      /        |                 |                 |                       Chamber                       |      
           |                                   Smithy----Liberty Locksmith-=Glory-=-Book     Stalwart                                                |      
           |                                             Lane    (buy key)  Avenue  Shoppe   Lane----Weaponsmith                                     |      
        Circuit                                            |                 |                 |                                                     |      
         Road                           Bend-.-Valiant-Corner----Valiant----Corner--Valiant--Corner--Valiant--Valiant--Bend                          |                             
           |                             |      Street     |      Street     |      Street     |      Street   Street   |                            |                                             
           |                           Outside           Bank      |        Glory      |      Bar                     Outside                        |                                             
           |                           Dungeon                  Grocery     Avenue  Bakery     |                       Kender                      Circuit                                        
           |                             |                       Store       |              Private                     Guild                       Road                                          
           |                           Dwarwen--Dwarwen                   Outside            Booths                     |                            |                                            
           |                            Guild    Bar                   Dryad Guild                         Kender Bar-Inside Kender                  |                                            
           |                             |                                   |                                         Guild                         |                                            
           |                          GuildMaster                          Inside                                       |                            |                                            
           |                                              GuildMaster---Dryad Guild---Dryad Bar                     Guildmaster                      |
           |                                                                                                                                         |
           |                                                                                                                                         |
        Corner------------------Circuit Road--------------------------------Path South----------------------------------Circuit Road---------------Corner
                                                                                                                                                     |
                                                                                                                                                   Anon 
                                                                                                                                        WareHouses-Docks 
                                                                                                                                             |        |  
                                                                                                                                           Warehouse Pier
                [22]                                     [28]
               /                                        /
             NW-------Within-.-.-.-.-.-.-.-.-.-.-.-----NE   
            Tower      Walls                         Tower
           / |                                       / |
     Base of .                                Base of  .
    NW Tower |                               NE Tower  |
             .                                         .
             |                                         |
           Inside                                    Inside    
         Western City                              Eastern City
           Wall                                       Wall     
             |    [21]                                 |    /[27]
           Inside/                                 Inside  /
          N Tower                                 N Tower /
        /`W GateHouse                            E GateHouse
      [11]   |                                  /`     |
           GateHouse                        [13]    GateHouse
             |     [23]                                |      [26]
           Inside /                                Inside    / 
          S Tower/                                S Tower   /  
          W GateHouse                            /E GateHouse
         /`  |                                  /`     |
      [12] Inside                           [14]     Inside
          Western City                             Eastern City
            Wall                                      Wall
             |                                         |
             .                                         .
             |                                         |
             .  [24]                                   .  [25]
             | /                                       | /
             SW-------Within-.-.-.-.-.-.-.-.-.-.-.-----SE   
           /Tower      Walls                         Tower
          /                                          /
        Base                                      Base
      SW Tower                                   SE Tower
                                                  



                   Roof                                     The Roof of the Cursed Northeast Tower(norecall)
                  /                                             /
                Top                                          Dusty Chamber (vile spectre!, norecall)                                          
                /                                             /                                                                
              NW Tower                                     Dusty Chamber(norecall)
             /                                              /
           NW Tower-Battlements-.-.-.-.-.-.-.-.-.-.-.-.-NE Tower
          / |                                           /  |
        [22].                                         [28] |
            |                                              .
            .                                              |
            |             Roof                             .
       Battlements        /                                |
            |      N Tower                             Battlements       Roof
           N Tower/  W GateHouse                           |             /
         Western                                          N Tower  N Tower
         GateHouse                                      Eastern   /  E GateHouse
         /  |                                           GateHouse/ 
       [21] |                                          /   |
           Atop                                      [27]  |
         GateHouse       Roof                             Atop
            |            /                             GateHouse       Roof
            |      S Tower                                 |          /
           N Tower/ W GateHouse                        S Tower   S Tower
         Western                                       Eastern  /  E GateHouse
         GateHouse                                    /GateHouse
         /  |                                       [26]   |
       [23] Battlements       Roof                    Battlements Roof
            |                 /                            |     /
            .        BattleMages' Quarters                 .    Healing Chambers  
            |        /                                     |   /      
            .   SW Tower                                   . SE Tower
            |   /                                          |/
           SW Tower-Battlements-.-.-.-.-.-.-.-.-.-.-.-.-SE Tower
          /                                               /
        [24]                                            [25]


Pet Store Storage - просто комната без выходов с разными safe-мобами, в том числе the eagle.
