
                                                                              ANTHARIA



                                                                /
                                                               =                
                                                              /                
                                         Main Road       Main Road         Main Road         Main Road             Small       A New  Zoo
                                        of Antharia-----of Antharia-------of Antharia-------of Antharia---------Intersection---Road---Gate
                                             |                                                    |                  |
                                             |                                               Workplace of            |
                                         Main Road                                           Cyrtpea the        Main Road
                                        of Antharia                                           Sorceres         of Antharia
  Kender Druid`s  Avian   Human              |                               Ertuvia`s                               |
  Guild   Guild   Guild   Guild              |                                Weapon               Heaustf`s         |
    |       |       |       |            East Inte-                            Shop                 Armory      East Inte-
    |       |       |       |             rsection                               |                     |         rsection
  Guild---Guild---Guild---Guild---Guild---Main and-----------Center-----------Center----------------Center-------Main and
  Street  Street  Street  Street  Street   Center            Street           Street                Street        Center
    |       |       |       |                |                                   |                                   |
    |       |       |       |            Main Road                            Temlpe                                 |
Antharian Elven  Dwarven Illithid       of Antharia                 Temple    Circle    Temple                  Main Street
  Guild   Guild   Guild   Guild              |                      Circle---at kaer`s--Circle                  of Antharia
                                             |                         |      Bridge      |                          |
                                        Main Street                 Temple              Temple                   Main Road  Irghum`s
                                        of Antharia                 Circle              Circle                   at Eatery--Antharian
                                             |                         |                  |                          |       Eatery
                                             |                         |                  |                          |
                                        Main Street  Main Street  Main Street Temple  Main Road     Main Road   Turn in The
                                        of Antharia----Before-----of Antharia---of---of Antharia---of Antharia---Main Road
                                                      Zaertses`               Anthar
                                                         |                       |
                                                         |                       |
                                                      Zaertses`              Entrance
                                                      House of                Street
                                                       Relics                    |    
                                                                             Entrance
                                                                              Street



                                                                                        Created By Mamont



