               corner of       The Shaking   The Shaking                                                 Unholy                                                                                                                In The Throne--In The Throne--In The Throne
               the world---------Lands---------Lands      Armageddon        Gog------------Gog-----------Shrine----------Gog------------Gog         Armageddon-----Armageddon    The Heavens----The Heavens----The Corner of       Room           Room           Room
                    |              |             |             |             |              |              |              |              |              |              |              |              |           the World  \       |              |              |
                    |              |             |             |             |              |              |              |              |              |              |              |              |               |       \_     |              |              |
               The Shaking    The Shaking   The Shaking        |             |              |              |              |              |              |              |              |              |               |        In The Throne--In The Throne--In The Throne
                  Lands----------Lands---------Lands------Armageddon        Gog------------Gog------------Gog------------Gog------------Gog         Armageddon-----Armageddon    The Heavens----The Heavens-----The Heavens        Room           Room           Room
                    |              |             |             |             |              |              |              |              |              |              |              |              |               |
                    |              |             |             |             |              |              |              |              |              |              |              |              |               |
               The Shaking----The Shaking---The Shaking        |             |              |              |              |              |              |              |              |              |               |
                  Lands          Lands         Lands      Armageddon        Gog------------Gog------------Gog------------Gog------------Gog         Armageddon-----Armageddon    The Heavens----The Heavens-----The Heavens
                                                               |                                           |                                            |              |              |                               
                                                               |                                           |                                            |              |              |                               
                Wormwood------Wormwood------Wormwood      Wormwood-------Armageddon-----Armageddon-----Armageddon-----Armageddon-----Armageddon-----Armageddon-----Armageddon-----Armageddon-----Armageddon-----Armageddon
                    |             |             |                            |              |              |                                                                          |              |               |
                    |             |             |                            |              |              |                                                                          |              |               |
                Wormwood------Wormwood------Wormwood-------Wormwood      Armageddon-----Armageddon-----Armageddon        The            The            The            The             |              |               |
                    |                                          |             |                             |          Euphrates-------Euphrates-----Euphrates------Euphrates      Armageddon-----Armageddon-----Armageddon
                    |                                          |             |                             |              |                                            |                                             ^
               The Source of       The          The        Wormwood      Armageddon         The      The Euphrates       The                                           |                                             ^
               the Euphrates----Euphrates----Euphrates                                    Euphrates----at Bridge------Euphrates      Armageddon-----Armageddon        The            The            The             The
                    |                            |                                           |             |                              |              |         Euphrates------Euphrates------Euphrates      Many Waters
                    |                            |                                           |             |                              |              |                                           |               |
                    |                           The           The            The            The            |                              |              |                                           |               |
                Wormwood--------Wormwood     Euphrates-----Euphrates------Euphrates------Eurhrates     Armageddon-----Armageddon-----Armageddon-----Armageddon-----Armageddon-----Armageddon        The             The
                    |               |                                                                      |              |               |              |             |                        Many Waters-----Many Waters
                    |               |                                                                      |              |               |              |             |                             |               |
                Wormwood--------Wormwood-----Wormwood------Armageddon-----Armageddon-----Armageddon----Armageddon-----Armageddon-----Armageddon-----Armageddon-----Armageddon        The            The             The
                                                 |             |              |              |             |              |               |              |             |         Many Waters----Many Waters-----Many Waters
                                                 |             |              |              |             |              |               |              |             |              |              |               |
                Plagued         Plagued       Plagued          |              |              |             |              |               |              |            The            The            The             The
                 Lands-----------Lands---------Lands       Armageddon-----Armageddon-----Armageddon----Armageddon-----Armageddon-----Armageddon-----Armageddon    Many Waters----Many Waters----Many Waters-----Many Waters
                   |               |             |             |              |              |             |              |               |              |             |              |              |               |
                   |               |             |             |              |              |             |              |               |              |             |              |              |               |
                Plagued         Plagued       Plagued          |              |              |             |              |               |              |            The            The            The             The
                 Lands-----------Lands---------Lands       Armageddon-----Armageddon-----Armageddon----Armageddon-----Armageddon-----Armageddon-----Armageddon    Many Waters----Many Waters---Sunken Volcano---Many Waters
                                   |             |                                                                        |                                            |              |              |               |
                                   |             |                                                                        |                                            |              |              |               |
               On the Lake      Plagued       Plagued       Plagued        Plagued         MaGog---------MaGog----------MaGog----------MaGog----------MaGog          The            The            The             The
                 of Fire         Lands---------Lands---------Lands          Lands            |             |              |              |              |         Many Waters----Many Waters---Sunken Volcano---Many Waters
                    |                            |             |              |              |             |              |              |              |              |              |              |               |
                    |                            |             |              |              |             |              |              |              |              |              |              |               |
               On the Lake    On the Lake     Plagued       Plagued        Plagued         MaGog---------MaGog----------MaGog----------MaGog----------MaGog          The            The            The             The
                 of Fire--------of Fire--------Lands---------Lands----------Lands            |             |              |              |              |         Many Waters----Many Waters----Many Waters-----Many Waters
                    |              |                           |              |              |             |              |              |              |              |              |              |               |
                    |              |                           |              |              |             |              |              |              |              |              |              |               |
               The Corner of   On the Lake    On the Lake    Plagued        Plagued         MaGog---------MaGog----------MaGog----------MaGog----------MaGog          The            The            The       The Corner of
 Freeport ...--the World--------of Fire--------of Fire       Lands----------Lands                                         |                                       Many Waters----Many Waters----Many Waters-----the World
(Dawn's Edge)                                                                                                             =L
                                                                                                                          |
                                                                                                                          v
                                                                                                                (BP)bottomless pit   <-В этих комнатах гуляют агры
                                                                                                                          /            с детектами 93 уровня (саранча)
                                                                                                                        _/             Только из одной из комнат "Bottomless Pit"
                                                                                                                    bottomless pit     можно реколл. Из "bottomless pit" нельзя
                                                                                                                          /            recall, но можно summon и gate В нее,
                                                                                                                        _/             но не ИЗ нее.
                                                                                                                    bottomless pit
                                                                                                                          /                                                   
                                                                                                                        _/                                
                                                                                                                    bottomless pit
                                                                                                                          /                                                   
                                                                                                                        _/                                
                                                                                                                    bottomless pit
                                                                                                                          /
                                                                                                                        _/                                
                                                                                                                    bottomless pit
                                                                                                                          /                                                   
                                                                                                                        _/                                
                                                                                                                    bottomless pit
                                                                                                                          /                                                   
                                                                                                                        _/                                
                                                                                                                    Bottomless Pit  (recall) Тут ну-очень толстый не-агр моб Abaddon.
                                                                                                                          /            
                                                                                                                        _/                                
                                                                                                                       (BP)
