                                   Before the Altar
                                   /      |
                                  /       |
                                 =  Altar Chamber
                                /         |
                               /          =
                          A Gateway       |
                    to the Underwold  North End
                         /             of Hall
                        =                 |
                       /                  |
                       _                  |
                Utter darkness        South End
                  and despair          of Hall                     A large dwelling
                                          |                             |
                                          =                             =
                                          |                             |
                            A grey-----A grey-------A grey-----------A grey
  A cramped                  road       road         road             road
     cell                      |                      |                 |
       |                       |                      =                 |
       =                       |                A large dwelling   A grey road-=-A Githyanki
       |        A guard     A grey    A small                           |         Armory          [i]
The cellblock---stantion--=--road--=--building                          |           |              |
       |                       |                A small building   A grey road    Forge-----=---Inside[i]
       =                       |                      =                 |           |          the furnace
       |                       |                      |                 |           |              |      
    A tiny                  A gray-=--A guard----=--A grey-----------A grey-=--A Githyanki         |
     cell                    road     stantion       road             road        Weapory         [i]
                                         |
                                         = 
                                         |
                                  Inside Githyanki Keep
                                         /
                                        /                         
                      ................................    
       4 комнаты по   . Deep Within the Astral Plane . 
       5 выходов и    ................................
       одна по 4.                   +
                      ................................
       5 комнат       . Traversing the Astral Plane  . 
       по 6 выходов   ................................
                                    +
                      ................................
       5 комнат       . Travelling the Astral Plane  . 
       по 6 выходов   ................................+
                                    +                  +        9 комнат по 2 выхода
                      ................................  ..............................    
       3 комнаты      . Lost in the Astral Plane     .  . Walking the Silvery Strand .      
       по 5 выходов   ................................  ..............................      
                                    +                  +      
                      ................................+              
       4 комнаты      . Wandering the Astral Plane   .             
       по 6 выходов   ................................             
       и одна по 5.                 +                  
                      ................................ 
       5 комнат       . Roaming the Astral Plane     . 
       по 6 выходов   ................................
                                    +  (См. примечание внизу)               
                      ................................
       5 комнат       . Exploring the Astral Plane   . 
       по 5 выходов   ................................
                                    +
                      ................................
       1 комната      .  Into the Astral Plane       .    
       по 6 выходов   ................................
    На юг - всегда                  |
     Astral Gate                    =
                                    |                    Heaven
                             The Astral Gate               ...
                                    |                      /           
                      The Glowing Bridge at the Rainbow's End
                                    /
                            On the Rainbow
                                   /
                            On the Rainbow
                                  /
                            On the Rainbow
                                 /
                            On the Rainbow
                                /
                        The Bottom of the Rainbow
                               /
                             ...
                          In the Air
