                                          (ЗаднаЯ комната в казарме)
                                              Dwarven Kingdom            
                                                     ...  
                                                     /
                                                    =
                                                   /
                                           North entrance
                                          to the catacombs
                                                  |
                                                  |
                                                  |
                                             North/South
                                               tunnel
                                                  |
                                                  |
 Weapon     Player     Junction                   |
training---training---of hallway---Hallway--Intersection
  area       area          |                      |
   |                       |                      |
   |                       |     A Middle-        |
 Page`s    Templar        N/S     -aded         Humid,
sleeping---Knights      Hallway--templar`s      damp
quarters   sleeping        |       room        Tunnel
           quarters        |                      |                    (3)
              |            |                      |                     ^
              |            |     Mid-level        |                     |
              |           N/S    leader`s       Mossy     The holy  The holy  The holy
  (4)-<-Administration  Hallway----Room      intersection---grove-----grove----grove
            Room           |                      |                     |        |
              |            |                      |                     |        |
              |            |                      |                 The holy  The holy
              |           N/S      High           |                   grove----grove (private)
          Mess Hall     Hallway--officer`s        |                              |
              |            |       Room       Very Dark                          =
              |            |                   passage                           |
              |        End of a    Grand          |                           The holy
          Mess Hall----hallway---Templar`s        |                            grove
                                   Room           |
                                                Deep
                          (5)<-Very Dark----within  the----Very dark
                                caveway      catacombs      cavern
                                   ^                          |
                                   |                          |
                               (5)Misty                       |         Entrance
                               passageway                  Intersection  to the    The       The      The
                                   |                        of caverns---burial---burial----burial---burial-----New
                                   |                          |          grounds  grounds   grounds  grounds   graves
             Misty------Misty----Mist--Waterfall              |                     |                            |
             cavern    cavern   cavern  of mist               |                     V                            |
               |                                              |                     |                            |
               |                                              |                  Desolate      Curators          |
               |                                              |                   ruins          place---------Fresh
               |                                            Huge                    |            /             graves
               |                                        milticolored                |           /                |
               |                                           tunnel                Ruined----Basement              |
               |                                              |                 monument                         |
               |                                              |                     |                          Fresh 
               |                                              |                     |                          graves
               |                                              |                 Southern->(1)                    |
               |                                              |                   Gate                           |
               |                                              |                     |                            |
             Twisty                  Striped               Prism     Lonely      Lonely          Bend        Scene of
             cavern------------------tunnel-----------------Cave-----tunnel------tunnel------in the Lonely    ghastly
               |                                              |                                 tunnel        horror
               |                                              |                                    |             |
               |                                              |                                    |             |
             Twisty                                           |                                 Lonely           |
             passage--------------------------------------Cross of                              tunnel-----Intersection
                                                           cavern                                                |
                                                              |                                                  |
                                                              v                                                  |
                                                             (1)                                                 |
                                                                                                                 |   
                                                         (1)Unknown  (2)Unknown                                Tunnel
                                                           passage-----passage                                   |   
                                                              |           |                                      |   
                                                              |           |                                      |   
                                                         (3)Unknown  (4)Unknown                                Tunnel
                                                           passage-----passage                                   |      (Винный погреб)            
                                                                                                                 |      Dwarven Kingdom
                                                                                                                 |      ...                               
                                                                                                              Southern  /
                                                                                                              entrance =
                                                                                                               to the /
                                                                                                              catacombs  

