                                                (Before the Caverns)
                                                     Lich Tower
                                                        ...
                                                        /
                                 A Darkened     The Entrance to         A Darkened
                                /   Tunnel--------the Caverns-------------Tunnel  \
                               /         |                                 |       \
                       A Darkened        |                                 |        A Darkened--A Darkened
                         Tunnel       A Bend in                         A Bend in     Tunnel      Tunnel
                            |         the Tunnel          (1)           the Tunnel                   |
           The End of  A Darkened        |                 |               |                         |
           the Tunnel----Tunnel          |                 v               |                    The End of
                                        A Darkened     A Bend in       A Darkened                 Tunnel
                                           Tunnel------the Tunnel---->---Tunnel
 A Darkened-----A Dead End                     /                           |\
   Tunnel                                     /                            V \
      |                                      /                            (1) \
      |         A Set of Stairs             /                                  \
      |        /      |                    /                               A Dimly Lit----In the Cave     
      |       /   A Bend of               /                                   Cave             |
   The Bottom of  the Tunnel             /                                      |         A Darkened     
    the Stairs        |                 /                                  In the Cave      Tunnel  
                   A Bend  A Darkened  A Darkened                                              |
                   of the----Tunnel------Tunnel                                                |
                   Tunnel                                                  A Branch in----A Branch in---A Darkened
                                                                           the Tunnel     the Tunnel      Tunnel
                                                                          /     |                            |
                                                                    A Pitch     |                            |
                                                                 Black Tunnel   |                            |
                                                                       |        |                            |
                                    The Ghoul       A Pitch         A Pitch     |                            |
                                    Lord`s Den---Black Tunnel----Black Tunnel   |                            |
                                                                                |                            |
                                                             A Darkened----A Darkened-----A Bend in-----A Darkened
                                                               Tunnel        Tunnel       the Tunnel      Tunnel
                                                                  |                                           /
                                                                  |                                          /
                                                 The End of--A Darkened                                    A Pitch Black
                                                 the Tunnel    Tunnel                                         Tunnel
                                                        /                                        The            |       
                                                       /                       The End of      Dragon`s----A Crystal 
                                                A Long Cavern---A Long Cavern--the Cavern       Lair         Cavern  
       Мобы этой Арии                                                                /                     
                                                                                A Dimly Lit                
A Lemure --------------- 25 lvl                                                   Tunnel                   
A Wandering Ghost ------ 25 lvl                                                      |                     
A Well Armed Knight ---- 26 lvl                                                 A Dimly Lit---A Bend in    
A Nupperibo ------------ 27 lvl                                                   Tunnel      the Tunnel        
A Halfling Thief ------- 29 lvl                                                                   |        
A Powerful Enchantress - 31 lvl                                                              A Dimly Lit   
A Spectre -------------- 32 lvl                                                                Tunnel      
A Spinagon ------------- 33 lvl                                                                   |        
A Wicked Wraith -------- 34 lvl                                                              The End of    
A Holy Cleric ---------- 35 lvl                                                                Caverns     
A Ghoul ---------------- 36 lvl                                                                   |        
An Undead Beast -------- 38 lvl                                                                   V        
The Ghoul Lord --------- 43 lvl                                                                   |        
A Deep Dragon ---------- 45 lvl                                                                  ...       
                                                                                                 Hell      
                                                                                           (Stone Archway) 
