@ = recall - комнаты

Level 1
                            (In front of the Chapel)
                                  Graveyard
                                      ...
                                       |
                                       =
                                       |
                                 Inside the Chapel
                                       /
                                      *
                                     /
                              Entrance Chamber to the                              The Acoulite's Bedroom
                                Grand Hall of King                                          ^
                                        |                                                   |
                                        =                                                   =
                                        |                                                   |
The Grand Hall---The Grand Hall----The Grand Hall----The Grand Hall--The Grand Hall---The Grand Hall
  of Kings         of Kings          of Kings          of Kings        of Kings         of Kings
     |                                  |                  |
     =                                  =                  =
     |                                  |                  |
The Shrine        The Shrine        The Shrine         The Shrine-----The Shrine-------The Shrine
of Shohan        /of Cristis        of Crotus          of Mithar       of Frath         of Jubal
     |          =     |@                |                  |                                |
     |         /      |                 |                  |                 The Tomb\      |     
     |       (1)      |                 |                  |                 of Frath \     |    
 The Tomb--------The Tomb of         The Tomb----------The Tomb                        \The Tomb 
of Shohan          Cristis           of Crotus         of Mithar                        of Jubal
                      |
                      |
                     ...   
                 Mausoleum
               (Вне мавзолеЯ)



Level 2

LC = The Lower Chamber and Tomb of the Undead


 LC----LC---LC--LC
 |      |       |
 LC     |   (1) LC--LC--LC--LC--LC
   Entrance /       |   |   |   |
   to Lower/        LC--LC--LC--LC
    Chamber                     |
                            LC--LC
                            |   |
                            LC  LC  
                            |      L (key у Snapper Joe)
                            LC--LC-=-Stairwell   
                                    into Darkness
                                   /
                                  / 
                                 /  
                                /
                               /
                              /                                                                                         
Level 3                      /                                                                                          
                            /          
Cat = The Catacombs        /
                          /                                                                                     
           Cat-----------/----------------------------Cat
            |           /                              |                                 
            |          / Cat--Cat                      |                                 
            |@        /   |    |           Secret      |                                 
Cat----Entrance to the---Cat  Cat--Cat--=->Passageway Cat-Cat
     Forbitten Catacomb             |        |             |                        
            |                       |      Secret          |                        
            |                  The Gilded  Passageway      |                        
           Cat                   Hallway                   |                        
                                    |                      |   (Stone Archway)                     
                               The Gilded                  |        Hell       
                                 Hallway   Den of--Cat----Cat        ...           
                                    |     Vampire          |          ^ 
                               The Gilded     \            v          | 
                                 Hallway     Inside the   The Short way 
                                    |         coffin        to hell    
                               The Gilded 
                                 Hallway
                                    |
                               The Gilded 
                                 Hallway

