                    Dwarven
                      Kingdom
                        ...
                         |
                      Dwarven
                      Drop Off
                         |
   Messy    Day Care  Day Care   Messy
  Bathroom---Center----Center---Kitchen
               |         |
  Dark  Castle |         |
   (Entrance)  |         |      Playground--Playground
      ...      |         |         |            |
      /     Day Care  Day Care     |            |
 Staircase---Center----Center---Playground--Playground (gate toy soldier: 3 level) 
    /                                                  (gate teddy bear: 1 level)
   /                       
 Entrance                  
 to the--->--Mini++++Mini 
 Mini-Maze<++Maze    Maze 
             +          +     
             +          +     
             Mini    Mini     
             Maze++++Maze    
                      ^+   
                      |+   
                      |v
                   End Of  
                  Mini-Maze   (gate armed guard: 8 level) 
                      |
                      |      
                  The End?    (gate spoiled brat: 1 level) 
    
