L2, L5, L6 после репопа не заперты
от L7 ключа нет (pick lock или pass door)

                                   The Second
                                  /   Floor
                          to 1 floor    |       (white key от L5)
                                        |       (black key от L6)
                                   The Court----Hall O'Pleasure
                                        |       
                                 L5     |    L6
                     The Sanctum-=-The Court-=--The Library 
                                        |
                                        |
                                   The Court----bedroom
                                      Ends
                                 (ruby key от L1)

                                                                Underground
                                                                  tunnel     (tarnished gold key от L4)
                                           to 2 floor              |       Lair
                                             /                     |       /  |
                                            /                   Underground   |
                                  End of the hallway              tunnel   A narrow 
                                          |                                passageway      
                                          |                                   |               L4  THE
                               Storage-A Hallway---Nursery--Entrance to-->--Great---The Great-=---Lair
                              /   room    |                 Great hall      Hall    Hall Ends     (platinum key от L3)
                          Guardian        |
             (grey key от L2) room     A hallway
                                 |        |
                                 =L2      |
            Crypt      Entrance  |        |
Stairwall-=-Ends-Crypt--to the-=-The      |
     \    L7            Crypt L1 treasure |
      \                          room   Foyer
       \         The Lair              /` |
        \            |                /   |
         \         A cave            /    |
          \       opening           /     |
           \         |             /      =L0
      Wine cellar--Tunnel---The End of    |  
                            the tunnel  The Tower---------...Shadow 
                               |         Gates               Grove 
                               |   (steel key от L0)
                               |
                               |              The End
                               |                 |
                               |                 =L3
                               |                 |
                       The bridge    The top of the mountain
                               |                /
                               |     The Path continues
                               |              /
                               |    A cave   /
                               |   opening--Path
                   A Small opening    |    /
                                 | A Lair /
                                 |       /
                                Clearing 
                               /
                              /
                            _/
                           Well (trap)

