С, СПД= Скитания по пику драконов
MR = Mountain Road
ПКК = Приближение к концу коридора

                         (S)                          
     (Time Dragon Spirit) |  
                      Сокровищница              Клуб   
                         | ^                 Отставных
                         | |                  Драконов
                         | =L                    |     С
                         v |                     =L    |
         Dragon Spyre    СПД                     |     =L                            L
         (Mountain Road) |                     Клуб    |                           С-=-Сокровищница
                     ... С                   Отставных-С->С                        |  (Ice Dragon Spirit)
 Опочивальня          /  |           Тронный  Драконов |                           С
   короля--=-С--С--С--С--C--С--С--С-=-зал              С          Логово  L        |
  сильфов  L             |           Сильфов           |         Ледяного-=-|С-С-С-С-С-С-С-С-С
                         С            (key)            С          Дракона                    |
                         |                             |            |                        С
                        ПКК                            С            С                        |
                         |                             |            |           L            С
                        ПКК                            С<-С-С-C-С-С-С-С-С-С-С-С-=-С          |
                         |                             |      |                        С-С-С-С
                        ПКК                            С      C                        |       
                         |                             |      |                        С
                        Конец--Уступ--Вход в-С-С-С-С-С-С      C                        | 
                       коридора горы  пещеру           |      |                        С-С-С(key)
                                /                      С--С-С-C                            |
                       подъем на гору                                                      =L(Wall)
                                /                                                          |
                       подъем на гору                                                      С
                                /                                                          |
                       у подножия горы                                                     С
                                |                                                          |
                       дорога к горе                                                       С
                                |                                                          |
                       дорога к горе                                                       С
                                |                                                        L |
древний путь--древний путь--окончание                                        С-С-С-С-С-С-=-С-С-С-Логово 
через густой  через густой   древнего                                        |     |             Медного
    лес            лес         пути                                          С     С             Дракона
    /                                                                              |
   ...                                                                             =
 Plains                                                                            |
(The ancient path)                                                                (S)

