				DRAKYRI ISLE

                                  Ruby Suite                                  N  U
                                      |                                       | /
                                      = Diamond Suite                         |/  
  Granite    Magic   Chemical         |/                                  W---*---E
1 Storage-=-Workroom-=-Lab.    Eme--=-2-=-Sapphire                           /|
    room       |               rald  /|     Suite                           / |
               =              Suite / =                                    D  S
               |                   /  |
           Summoning              3  Amethyst 
            Chamber              /|   Suite
                                / |
          Golden      Observa- /  |                   Alcove
         Bedchmber      tory  1   |                      |
             =          /         4                      |
         5   |         /          |           Hidden--=--*---Alcove
         |   6-=-7---Tower        |            Lane      |
         =   =     Center   Wood  | Dinning      |       | 
         |   |      /   Panelled--4--Hall-=-Kit  |  Alcove  Chamber   Chamber of
     8-=-9---10    /    Ballroom  |        chen  |      /   of  the---the dagger   
            /|    /               =              |     =    Panther   |
           / =   /         Art    |              |    /       |       =  
          /  |  Tower    Gallery  Blue Stone     | Plain    Dark      |  
         /  11  Base        |     Courtyard      = Stone-=-Cavern-=-Chamber of   Council
        /       |         Ivory   |              |  Room     /      the Lynx    Chamber 
  Spiral-------12---12----Foyer-=-Large          |          =                   /
  Staircase         |             Clearing       |         /                   =
               Dining  Winding    |              | Chamber of  Outside of     /
                 Hall    Path-----Winding        |   Shadows     Space    Chamber of the
                            |     Path           |               /       Guardian
               Silvery      |                    |              /          /
                Gates-------*-----SHIM*MERING----*--PATTHWAY---*------Before The
                  /         |                    |                    Grey Tower 
                 /       Winding       Marble    |
                          Path       Bedchamber  |
                            |            |       |                           Chared
               Candelit     =            =       |             Black oak     Mahogany
                Bedroom  13 |            |       |               Bedroom     Bedroom
                      |  / Jade     16   17      |                     |     |
                      = = Entry Hall |   |       |                     =     =
             Teak     |/    |        =   |       |                     |     |
           Panelled-=-14---14-=-15   |   |       Narrow            Black Marble    Dark
           Bedroom    |     |  18-=-19-=-17-=-21-Path              *Cor*ridor*-=-Chamber
                      =     =        |   |       |                 |   |     |       
                      |     |        =   |       |                 |   =     =
              Booklined   Garden     |   |    End of  Before the   |  Dark   |
               bedroom     Path     20   17   Narrow----Black-=-23-22 Ash    Ash Bedroom
                            |            |     Path     Gates      | Bedroom
                          White          =                         |  
                          Gazebo         |               Dark     Dark    Dark
                                       Privat            Niche---Tunnel---Niche 
                                       Arena                       |
2-Mirrored Hallway                                               Dark
3-Spiral Stairwell                                               Niche
4-Blue Marble Corridor                                            /
5-Dark oak Panelled Bedroom                                      =
6-Marble Sitting Room                                           /
7-Glass Tunnel                                             Forbidding
8-Ashwood panelled Bedroom                                  Doorway
9-Wide Hallway                                                 |
10-Second floor Hallway                                        =
11-Heir`s Bedroom                                              |
12-White Hallway                                           Pentagram
13-Sunlit Bedchamber                                        Chamber
14-jade Corridor
15-Shrine of healing
16-Secons Commander`s ofice
17-Iron Hallway
18-First Commander`s ofice
19-Training and Practice Field
20-Third Commander`s ofice
21-Granite Courtyard
22-Doomed Room                                                   Created by MAMONT
23-Black Marble Entryway 
