                     Сокровищница-----Помост
                                         |                               
                                         |                                                        
                                         |(A)                                            
                               (W)<----Алтарь---->(E)                  Загон Рабов
                                        /                                  |
                   (A)        Яма длЯ _/                  (A)              |
                    ^      пожертвований                   ^               |                    
                    |       (ловушка!)                     |               |                         
                    |                    (M)               |               |         
           ЗападнаЯ сторона---<----Главный Зал-->---Восточная часть----Клетка Рабов 
             Главного зала(W)            |           Главного Зала(E)
                    |                    |                 |
                    v                    |                 v
                   (M)                   |                (M)
                                         |  Cleric's     
                                         |  barracs--Grand Hallway
                                         |            /    |
                                      ГлавнаЯ лестница     |
                                                   Grand Hallway----Mage`s Barracs
                                                      /
                                                     /
                                             Grand Stairway                
                                                    |                       Weaponmaster's Chamber
                                                    |                           |
(1)--Long Hallway---Long Hallway---Long Hallway---Hallway---Long Hallway---Long Hallway---Long Hallway--(1)
                         |                          |
                 Warrior's barracs                  |      Entrance to Temple
                                                    |     /    of Lloth
             Cleric Academy----City Street    Entrance way         |           Mage's Academy       4th house----Throne room  (Down the path into a dead end)
                                         |                         |                |                   |                      Thalos
                                         |                         |                |                   |                       ...
             Main Chamber                City Street---------City Street--------City Street--------City Street                  /
                   |                          |                                     |                   |                      =
                   |                          |                                     |                   |                     /
               Throne room---1st house---Main Gate                              Slave Chamber------City Street-----City Entrance
                                              |           Warrior's Academy                             |
                                              |                  |                                      |
                                         City Street---------City Street--------City Street--------City Street
                                              |                                      |
                                              |                                      |
                           Throne room---2nd house                              3rh house
                                                                                     |
                                                                                     |
                                                                                Throne room
