		///* DYING FOREST *\\\
	      ++ Made by Littlewitch ++


Within a Centaur Hut - 1
Within the Dying Forest - *
Within a Centaur Settlement - #

                    *---*---*           *
                    |       |           |
                    |       |           |
                *---*---*   *       *---*---*
                |       |           |       |
                |       |           |       |
            *---*---*---*---*---*---*       *
            |       |       |       | 
            |       |       |       |
            *       *       *       *
            |       |       |       | 
            |       |       |       |               Cross Road
            *       *       *       *                 ^
            |       |       |       |                 |
            |       |       |       |                 |
*---*---*---*---*---*---*---*---*---*---*---*----Entrance to the
|               Within the Dying Forest            Dying Forest
|                                                             
*                                                             
|                                                            
|                                                             
*                                                             
|                                                             
|                                                             
*---*---*---*----*-----*-----*  
                 |           |      1             1
                 |           |      |             |
                 *           *------#-------#-----#-------#----#
                 |     1     | Within a Cen | taur| Settlement |
                 |     |     |              |     |            |
                 *-----*-----*              1     |            #---1
                                                  #            |
                                                  |      1     | 
                                                  |      |     |
                                              1---#------#-----#---1



