  (levels 5-30) Created by RAFF       N U                                       
 *******************************      |/                                        
 * Map of the ELEMENTAL CANYON *   W-- --E                                      
 *******************************     /|                                         
                                    D S                                         
                                                                                
                            Lightning    Floating  Floating  Windy     Air      
                             Chamber      in Air----in Air---Tunnel--Chamber    
                              /             |         |                         
                             /              |         |                         
  Electric    Electric   Lightning          |         |                         
 Playground--Playground--Causeway        Floating  Floating                     
    |            |                        in Air----in Air                      
    |            |                          |                                   
  Electric    Electric                      |                                   
 Playground--Playground                     |  Elemental  Elemental
Elemental  
                 |                          |    bay--------bay--------bay      
                 |                          |     |          |         /|       
              Electric      Mesa           Mesa   |          |        / |       
              Pathway-------West-----------East   |          |   Water  |       
                             |              |     |          |  Chamber |       
                             |              |     |          |          |       
                             |              |  Elemental  Elemental  Elemental  
                           Floor--Floor---Floor  bay--------bay--------bay      
                             |      |       |     |                             
                   Fiery     |      |       |    In the                         
                  Pathway--Floor--Floor---Floor  River                          
                    |        |      |       |     |                             
 Fire    Burning   Fiery     |      |       |    By the                         
Chamber--Gardens--Pathway  Floor--Floor---Floor--River                          
                             |      |       |                                   
                             |   Elemental Dark Darker Darker  Darker           
                           Floor--Gateway--Cave--Cave--Cave----Cave             
                                    |                   |       |               
                                    |  Overlook         |       |               
                                    | /    |           Darker  Darker           
                                    |/     |           Cave----Cave             
                            Entrance to   Vista         |       |               
                             Elemental    /             |       |               
                              Canyon     /             Darkest Darkest Earth    
                                       To the          Cave----Cave----Chamber  
                                     Mountain Path                              


