	///* ELVENHAME *\\
        Made by Littlewitch                                                                                                                                                                                                  The Observatory
                                                                                                                                                                                                                                     /
                                                                                                                                               Outside the North                                                           The Astrologers' Guild
                                                                                                                                               Gate of Elvenhame                                                                    /
                                                                                                                                                     |                                                         Guild Road-----Entrance to the
                                                                                                                                                     |                                                             |           Observatory
                                                                                                                                               Inside the North                                                    |        (Astrologers Guild)
                                                                                                                                               Gate of Elvenhame                                               Guild Road
                                                                                                                                                     |                                                             |
                                                                                                                                                     |                                                             |
                                                                                                                                              Middle Road (north)                                              Guild Road
                                                                                                                                                     |                                                             | 
                                                                                                                                                     |                                                             |
                                                                                                                              small house-----Middle Road (north)-----small house                              Guild Road
                                                                                                                                                     |                                                             |
                                                                                                                                                     |                                                             |
                                                                                                                                              Middle Road (north)                                              Guild Road---small house    
                                                                                                                                                     |                                                             |
                                                                                                                                                     |                                                             | 
                                                                                                                                              Middle Road (north)-----Paladin Guild                            Guild Road---small house
                                                                                                                                                     |                   Hall                                      |                     The Workshop
                                                                                                                                                     |                    |                                        |                      /
                                                                                                                                              Middle Road (north)-----The Temple-----The Altar                 Guild Road---Stradi's Various
                                                                          Thou Good and Faithful                                                     |                 of Light       of Light                     |         Instruments
                                                  All That Glitters           Servant, Inc.    Registry Office                                       |                    |               |         The            |
                                                          |                     |                   |         City Guard         Guild of-----Middle Road (north)---By the Fountain--The Temple Necromancer's---Guild Road---Music Guild
                                                          |  The Butcher Block  |                City Hall   Headquarters        Thieves             |                   of Light     of Light      Guild          |
                                                          |         |           |                   |            |                                   |                    |               |                        |
Outside the West---Inside the West-----*-----*-----*-----*---------*-----------*-------------------*------------*---------------*-------------Center Square--------------*---------------*----*----*----*----Guild Square----*---------------------*------*---Inside the East----Outside the East--->Grassy plains
Gate of Elvenhame  Gate of Elvenhame      W   e   s   t   |         |    M   a  |   i   n           |       R    |   o    a   d  |                   |            E a s t |     M   a   i |  n                    R|    o     a    d               |         Gate of Elvenhame  Gate of Elvenhame
                                                          |   The Armory        |             The Gaping Maw     |               |                   |                    |               |         The            |                        Necromancers' Supply  
                                                          |                Necessities              |         The Temple----The Fountain------Middle Road (South)-----The Fountain---The Temple  Channellers'--Guild Road---The WeaponMaster's     Shoppe
                                                  He Who Lives By The        'R' Us           The Back Room   of Darkness      of Gore               |                 of Magic       of Magic      Guild          |           School
                                               Sword (R) Weapons Boutique                                        |               |                   |                     |              |                        | 
                                                                                                                 |               |                   |                     |              |                    Guild Road
                                                                                                             By the Altar---The Temple--------Middle Road (South)-----The Temple-----By the Altar                  |
                                                                                                             of Shadows     of Darkness              |                 of Magic       of Magic                     |
                                                                                                                                 |                   |                     |                      Changeling---Guild Road---Anti-Paladins'
                                                                                                                              The Cave--------Middle Road (South)-----The Sanctuary                  Guild         |           Guild        
                                                                                                                        (NightWalkers' Guild)        |               (Clerics' Guild)                              |
                                                                                                                                                     |                                                         Guild Road
                                                                                                                                              Middle Road (South)-----First Bank                                
                                                                                                                                                     |               of Elvenhame                               
                                                                                                                                                     |                     /                                   
                                                                                                                                              Middle Road (South)    The Bank Vault                             
                                                                                                                                                     |                                                          
                                                                                                                                                     |
                                                                                                                                              Middle Road (South)
                                                                                                                                                     |
                                                                                                                                                     |
                                                                                                                                                Inside the South 
                                                                                                                                                Gate of Elvenhame