=== The Map of the Festival Town ===
 
               This is a map the wise little hedgehog painted.
           But he dislike [C]averns, so enter it at your own risc!
                                [Path to the Forest] [Dark Hill]
                                          |                |
[The edge of]                             |                |
[the forest ]                        [Unused Path]       [D L]
    |                                     |                |
    |                                     |                |
[Shooting]         [The edge of] [W]-[W]-[W]-[W]-[W]     [D L]
[  Place ]         [the forest ]  |       |       |        |
    |                    |        |       |       |        |
[Shooting] [W L]-[W L]-[W L]     [W] [L]-[L]-[L] [W]     [D L]-[H]-[H]-[H]
[  Place ]   |     |     |        |   |   |   |   |        |    |   |   |
    |        |     |     |        |   |   |   |   |        |    |   |   |
[Shooting]-[W L]-[W L]-[W L]-[#]-[W] [L]-[L]-[L] [W]-[#]-[D L] [H]-[M]-[H]
[  Place ]   |     |     |        |   |   |   |   |        |    | / |   |
     |       |     |     |        |   |   |   |   |        |    |[C]|   |
[Shooting] [W L]-[W L]-[W L]     [W] [L]-[L]-[L] [W]     [D L]-[H]-[H]-[H]
[  Place ]         |              |       |       |        |    |
     |         [Strange]          |       |       |        |   [Small]
[Shooting]     [ Grove ]         [W]-[W]-[W]-[W]-[W]    [Lit ] [ Bush]
[  Place ]                                |             [Hill]
     |                                   [#]
[The edge of]                             |
[the forest ] [2nd Line]-[2nd Line]-[Intersection]-[2nd Line]-[2nd Line]
                   |          |           |             |          |
                [Small]    [Small]    [ Main ]       [Small]    [Small]
                [House]    [House]    [Street]       [House]    [House]
                                        |
                      [Samurai's]  [ Main ]  [Ranger's]       [Living]
                      [  House  ]--[Street]--[  House ]       [ Room ]
                                       |                        /
            [Living]  [Warrior's]  [ Main ]  [Paladin's]   [Great]
 [Bedroom]--[ Room ]  [  House  ]--[Street]--[  House  ]   [ Hall]--[GL]
                |                      |                       |
           [Entrance]  [Entrance]  [Central]  [Entrance]  [Entrance] [DH]
           [  Hall  ]--[to  Bank]--[Square ]--[to Mayor]--[  Hall  ]/
                |      [ Office ]      |      [Residenc]       |    _[MO]
[Dark Room]--[Office]                  |                   [Secr's]/
                       [Vampir's]  [ Main ]  [Witch's]     [Office]-[A]
                       [  House ]--[Street]--[ House ]
                                       |
                       [Cleric's]  [ Main ]  [ Mage's]
                       [  House ]--[Street]--[ House ]
                                       |
             [Small]    [Small]    [ Main ]       [Small]    [Small]
             [House]    [House]    [Street]       [House]    [House]
                |          |           |             |          |
           [1st Line]-[1st Line]-[Intersection]-[1st Line]-[1st Line]
                                       |
GL - Great Library               [The Gates]           WL - Wasted Lawn
DH - Dining Hall                       |               DL - Deserted Lawn
MO - Mayor's Office           [Before the Gates]       H  - Hills
A  - Archives                          |               M  - Rocky Mountain
W  - Walkway                    [ Path to the ]        L  - Lawn
# - Small Path (grate)          [Festival Town]
 
