                            NorthPoint
                               |
                              RJ--RJ--RJ
                                       |
                                      RJ--RJ
                                           |
                                          RJ
                                           |
                                      OW--RJ-------------RJ
                                       |   |              |
Dark...---Dusk's--RJ              OW--WR--Shipyards------RJ--RJ--RJ
Continent  Edge   |                |   |   |        [1]   |       |
(Land Ho!!)       |                |   |   |       /      |      RJ--Dawn's Edge--...Armageddon
                  RJ          OW--OW--WR--On the Road to-FV                          (Corner of
                  |            |   |   |  FreePort City   |                           the World)
                  |            |   |   |   |              |
                  RJ--OW--OW--OW--OW--WR--Mercantile      |
                  |    |   |   |   |   |  Warehouse      FV
                  |    |   |   |   |   |                  |
                  WR--WR--WR--WR--WR--FV--FV-------------FV
                           |   |
                          RJ--RJ
                               |
                             Widow's 
                              Cape
           Gates to FreePort
             /         |
            [1]        |
                       |  Sunken
            Emporium--CS--Pirate
 Mercantile            |              Naval
    School    Mystic--CS--Bronze      Academy
         |      Eye    | Scabbard      |
         |             |               |
        SL-----SL--Town Square--NS-----NS
         |     |   of FreePort   |     |
 Merchant's  Bank      |        Crew's Captains
   Guild            Town Hall Quarters Guild
                    /
                  Secret
                 Staircase
                   |
                Secret    Secret
               Staircase  Cave 6th Pirate Lord
                   |        |
                  Hidden--Hidden--Hidden
                  Cavern  Cavern  Cavern
                   |        |       |
                  Hidden--Hidden--Hidden
                  Cavern  Harbor  Cavern
                   |                |      
                  Hidden          Hidden
                  Cavern          Cavern


SL = Shipper's Lane   
NS = Naval Street     
CS = Commerce Street  
FV = FreePort Village 
RJ = Rock Jetty       
WR = Wharf Road       
OW = On Wharf         

