APD = Along Path Dipper                                              key Õ Libra
                                                              Back------=---------Winds--Arms    
                                                              Draco               Draco  Draco   
                                                                |                          |     
                                                              Legs                 Head--Neck    
                                                              Draco                Draco Draco   
                                                                |                    |           
                                                              Path                   =L key Õ Capricorn
                                                              Draco                  |           
                                                                |                 Entrance       
                                                              Tail                 Great         
                                                              Draco         APD----Dipper        
                                                                |            |       |           
                                                          (1)On the Draco  Cepheus--Cassiopea    
                                                              /            Throne   Throne       
                                              key Õ Cancer  L=               |                   
                                                            /          APD--APD                 
                                                        End Mystic      |                       
                                                         Chains        End                      
                                                         /            Dipper                    
                                                        /               |                       
                                                       /              Polar
                    (Sagittarius)(scorpio) (libra)    /               Star
                       In Woods----Dry-----Supreme---------Inside        
                                  Desert    Court   /      Luxurious     
                                              |    /       bedroom(virgo)
                                              |   /                    
                                              |  /                    
                                              | =L key Õ aries
                        (leo)     (cancer)    |/            
                        Deep-------Along---Mystic---Mountain----Inside     
                       Jungle    seashore  Chains     Peak     Waterfall
                                           /  |    (capricorn) (aquarius)
                                          / On Hill
                  Inside---Spanish-------/--(aries)--Inside  
                  study   Bull-Ring     /          Gigantic                                   
                 (gemini)  (taurus)    /              Clam                                               
                                      /  Black
                                     /    Hole
                                    /      ^ 
                                   /       | 
                                  /      Lost---Undeveloped               
                                 /         In    Part                     Throne Room
                                /        Space   Galaxy                   Nebula King
                               /           |       |                          |
                              /            |      End                       Bridge  End  
    (3) ...Thalos            /          Corner-InterGalactic---------------Nebulas-Milky--Edge 
       (Temple Of Thalos)   /           Galaxy   Walkway                            Way  Galaxy 
                           /               |       |          High Tower...--Inside  |  /  |   
                          /             Another   On         (Shadow Grove) Tavern   | /   |   
    Homes-------N Side-----Hercules      Edge---InterGalactic               /        |/    |
   Pleiades     Temple  /  Mighty       Galaxy   WalkWay                   /         /     |
      |           |    /   Throne          |       |                      /         /|     |
      |           |   /      |            Star---Inside--(a)             /         / |     |
    W Side----Offering----E Side         Cluster Galaxy                 /         / Along  Small
    Temple    Chamber     Temple                      |                /         /  Milky--Clearing
      |     _/    |          |                        |               /         /   Way    
   Orion   (3) Entrance----Perseus                    |              /         /     |
   Hanting     Ancient    Chamber                     |             /         /      |
     Lodge-----Temple                                 |           _/         /       |
                  |                                   Crystall Ball         /        |
                Bridge                                                     /         |
          (a)---Stars-----------------------------------------------------/--------Start
                                                                         /         Milky
                                                                        /           Way
                                                           Too Bright  /
                                                              to Tell /
                                                                |`   / 
                                                                |  _/ 
                                                                Very
                                                                Near
                                                  Too Bright|-Gigantic-|Too Bright
                                                  to Tell      Star     to Tell  
                                                                |_
                                                            Too Bright
                                                             to Tell

