            GHOST
                                              Dark
                                             Tunnel
                                            (Recall)
1-Clearing                                      |
2-Interior of the Cottage                       |
3-Hallway                                     Murky
4-Room in the Mayor`s House                   Mist
5-Outside the Mayor`s House                     |
6-Junction                                      |
7-Road to the Mayor`s House                   Murky
8-Intersection                                Mist
9-Ruined House                                  |
                                              Murky 
                                              Mist
                                               /|
                                              / |
                                             /  |        Outside      Inside
                                            / Murky------The crypt--=--The Crypt
                                           /   Mist                     /
                                       Dragon`s |          Room in the /
                                         Lair   |            Crypt  = /
    Room in the                     ^         Murky                 |/  Room
  Mayor`s House   Bedroom       To garden      Mist             Crypt-=-in the
              |   |                 |           |              Proper   Crypt
              =   =                 |           |                   =
              |   |              Path to    Murky                   |
   Stairway---3-=-Mayor`s        the garden   Mist---1-=-2---Stair   Room In 
       /      |   Study            /|           |           -case   the Crypt
      /       =   =               / |           |
     /        |   |            Bolt |     Murky |
    /         4  Bed    4   4  hole Path  Mist--Murky
   /             room   |   |       to the  |   |   Mist
  /                     =   =       Garden  |   |
 /                      |   |       |       |   |
Stairway----------------3---3-=-5---6---7---8   Small-=-Temporary                                                     
                        |   |               |   House   Residence 
                        =   =               |           of the Demon
                        |   |    Ruined   Main    Ruined
                        4   4    House-=-Street-=-House
                                            |
                                            |
                                   Town   Town   Town
                       9   9   9  Square-Square-Square    9   9   9
                       |   |   |     |      |      |      |   |   |
                       =   =   =     |      |      |      =   =   =
              Ruined  Side Street  Town  Well in   Town  Side Street
               House-=-*---*---*--Square-the town-Square--*---*---*-=-Ruined
                       |   |   |     |    Square   |      |   |   |   House
                       =   =   =     |      |      |      =   =   =  
                       |   |   |   Town   Town   Town     |   |   |
                       9   9   9  Square-Square-Square    9   9   9
                                            |
                                            |
                                Ruined     Main    Ruined
                                House--=--Street--=--House







                                                              Created By MAMONT


===========================================================================

                                    Dark Tunnel 	
				         |
					 * A	
				         | 
					 * M	
	       *** *** ***	         | u
	     *** ******* ***		 * r	
	   *** THE GARDEN  ***	        /| k
	     *** ******* ***	    (???)* y -> Crypt
	       *** *** ***	         |
		    |			 * M
		    *		         | i
	            |			 * -- * - Cottage 	
		    *	       A Murky   | s
	           /|            Mist -- * t
	      (???) *		   |	 |
     Mayor's	    |		   | Small House	
      House -- * -- * -- * -- Interseption
				   |
                          Ruined   |   Ruined
                           House - * -  House
				   |	
	Ruined Ruined Ruined       |       Ruined Ruined Ruined
	 House  House  House  * -- * -- *   House  House  House
  Ruined    |     |     |     |  To|wn  |     |     |     |
   House -- * --- * --- * --- * -- * -- * --- * --- * --- * -- House
	    |     |     |     | Squ|re  |     |     |     |
	Ruined Ruined Ruined  * -- * -- *  Ruined Ruined Ruined
	 House  House  House       |	    House  House  House
				   |
		          Ruined - * - Ruined	
		           House   |    House
			           *
				   |
				Entrance
