
                          Hut
                           |
                Hut        * -- * -- *
                 |         |    |    |
                 * -- * -- *   Hut   *
                 |         |         |
           Hut   *        Hut Shack--* -- * -- * -- * -- Hut Hut
           |    |                        |    |              |
       * -- * -- * -- *   Hut        *  Shack  * -- * -- * -- * -- * -- *
       |    |    |    |    |         |                             |
 Hut-- * -- * -- * -- * -- * -- * -- *                            Hut
       |    |              |         |
       * -- *       Hut -- *         *        Hut   * -- Hut
       |                   |         |         |    |
  * -- *                   * -- * -- * -- * -- * -- * -- *
  |    |                        |    |    |    |    |    |
  * -- *                 Hut -- *    *    * -- *   Hut   *
  |                             |         |    |         |
 Hut                            * -- * -- * -- * -- * -- * -- * -- *
                                          |    |                   |
                                         Hut   * -- Hut            *
                                               |                   |
                                              Hut                  * -- *
                                                                        |
                                                                        *
                                                                        =                      T H E  R I V E R
                                                                        * -- * -- * -- * -- * -- * -- * -- * -- * -- * -- * -- * --> To Dark Continent
                                                                        |
                                                                   * -- *
                                                                   |
                                  To New Thalos <-- The Dragon Sea *

= --  the closed door
