                                                                     Inside         Inside  Atop           
                                            Cave Entryway--------------Cave-----------Cave  Montain         
                                                  |    (2)              |              |   /                 (a)              
                                                  |    /              Inside         Throne                  /                       
           Savage---Savage---Jungle         Cave Entryway--------------Cave----------Pirate                 =    
            Camp     Camp       |          /      |                     |           / Lord                 /        
             |        |      Jungle-=-Mouth Cave Entryway-------------Inside      (a)  |                 Dark    
           Savage---Savage      |    of Cave                           Cave----------Inside             Prison   
            Camp     Camp       |                                                     Cave    
                                |                                                       |   
         Jungle----Jungle----Jungle                                              Black  Black              Walking--Walking
          /          |          |  (yyy)                                         Sand---Sand               Lava     Lava     
         (2)       Jungle----On the Beach--...(1)                                Beach  Beach              Flows    Flows    
                            /`                                                    |      |                   |        |      
                          ... (1)             S.S.A--Lagoon----S.S.A             Black Climbing  Climbing  Climbing Walking
                 Plains of the North            |   Entrance      |              Sand--Black-----Black-----Black----Lava     
                  (The ancient path)   S.S.A--S.S.A    |         S.S.A--S.S.A    Beach Mountain  Mountain  Mountain Flows    
                                         |           Quiet               |        |      |         |         |               
                                       S.S.A         Lagoon             S.S.A     |      |         |         |      
                                         |             |          Seas           Black Climbing    v       Climbing 
                                       S.S.A--S.S.A   (c)    Surrounding-(boat)--Sand--Black--->Crater<---Black
                                                |                 Atoll          Beach Mountain  / |      Mountain 
                                                |                  |                     |     (b) |         |
                                              S.S.A-----S.S.A--S.S.A                Climbing  Climbing   Climbing                                                                                                     
                                                                                                              Black----Black------Black   
                                                                                             Mountain  Mountain   Mountain



FM    = Flying Mountain                                            (c)             
CABFM = CalmAirBeneathFlyingMountain                                |              
SSI   = Sailing the Sea of Ice                          Inside   Central           
II    = Inside the Iceberg                              Barred----Shack----Barracks
SDI   = Sliding Down an Icy Shoot                        Shack      |                                      L                     
BGIC  = Bonfire in the Great Ice Cavern                          Inside                             Armory-=-Pirates--Cargo      
IGIC  = In the Great Ice Cavern                                   House                                     /Cavern   Cavern     
IHPL  = Ice Hall of the Pirate Lord                              Stilts                                    /   |                 
ITHPL = Inside the Hold Pirate Lord                                                                       /  Pirates               
RIH   = Room In Hold                                                                             Quiet   /   Cavern              
PQPL  = Private Quarters of the Pirate Lord                                                      Cove   /      |                 
VHPL  = Vast Hall Pirate Lord                                                                      |   /     Pirates---Pirates   
                                                                                                  Watery     Cavern     Cavern   
                                   At The Gates of Keep                                            Cave        ^          |      
                                   /            |                                                              |          v
                                  /             =                                                              |         (c)             
                                 /              |                                                              |                 
                             FM /       RIH-=-ITHPL-=-RIH                    SSI-SSI-SSI                       |(b)                                     
                             | /                |             Midgaard        |       |                        |/                                  
                             |/         RIH-=-ITHPL-=-RIH    (s2e2s2wn)...-->SSI     SSI             Dark L   Hall(c)                                                  
                          FM-FM-FM              |                                     |              Cave-=---Pirate--Barracks                      
                          |   |  |      RIH-=-ITHPL-=-RIH               ($)-->II-SSI-SSI                      Lord                                     
                          FM-FM-FM              |                            /                                     
                             |                  =   PQPL                    =                                        
                          Flying Mountain       |  /                       /                                           
                         /        |            VHPL                 SDI<-SDI->($)           IGIC-IGIC-IGIC             
                        /       ....                                 |                        |    |    |  L          
                       /      Haon Dor (11w2swsen)                   v                  (&) IGIC-BGIC-IGIC-=-IHPL->($)
                      /                                             SDI->SDI           _/     |    |    |          
         CABFM---CABFM                                                  _/    SDI      SDI  IGIC-IGIC-IGIC                                                       
           |       |                                                   SDI   / ^         |    ^                    
         CABFM---CABFM                                                  |  (&) |         v    |                    
           /                                                            v      |         SDI->SDI                  
         ...                                                           SDI--->SDI                                  
         /                                         
  In the Air Beneath                               
     Flying Mountain  (5 случайно связанных комнат)
          ....                                     
           /                                       
         ...                                       
      Haon Dor                                     
(11w2swswswu)                                      
