                                              Roof
                                              Inner     Baragar's  
                                               Keep     Chambers     (norecall)
                                                /          |
                                              Stairwell--Antechamber (norecall)
                                                     /     |
                                                    /   Allara's 
                                                   /    Chamber      (norecall)
                                                  /
                                                 /      Assassin's                                   Dog
                                                /       Quarters                                     Pits             Roof 
                                               /           |                                           |              Tower
                                              Stairwell--Antechamber                       Inner     Inner   Stables  /
                                                  /        |          Guard              Courtyard--Courtyard   |   Guard 
                                                 /      Apprentice    Room              /    |         |        |   Tower 
                                                /       Quarters        |      Garbage Pit   |         |        |  /
                                               /                      Inner                Inner     Inner    Inside  Before  Path
                           Fiery              Stairwell---------------Keep---------------Courtyard--Courtyard--Keep----Keep--to the--...Old Thalos
                          Cavern                   /                    |                    |         |        |             Keep     (The Plains)    
                             |                    /                   Guard                  |         |        |
        Mines              Dark    Treasure      /                    Room                 Inner     Inner    Barraks                    
          |               Passage    Room       /                                        Courtyard--Courtyard        
          |    Entryway      |        |        /                                         /             |             
          |    to the----Junction-Dungeons----Dungeons                       Crocodile_Pit            Dog            
Mines---Mines / Mines        |        |                                                               Pits            
          |  /              Lab    Summoning                              
          | /                        Room   
          |/
        Mines

