MAUSOLEUM




                                   Outside of 
                                  the mausoleum
                                        |
                                        v
                                        |
                  A grisly scene,   Foyer of    A grisly scene, 
                   NW corner of  the mausoleum   NE corner of
                     Mausoleum          |          Mausoleum
                         |              =              |
                         =              |              =
             A small     |              |              |    A small
              room--=----1--------------2--------------3---=--Room
                |        |              |              |         |
                =        |              |              |         =
The Kha-        |        |              |              |         |
rzandra`s   A workroom   4--------------6--------------8  The workroom  Shadar
 Coffin---of kharzandra  |              |              |   of Shadar----Lunn`s 
  room                   |              |              |                coffin
           The Dark  Western            |           Eastern              room
The Dark----Priest-=--Check-------------6------------Check--=--A vacant
 Coffin    Workroom   Point             |            Point     Workroom     
  Room                   |              |              |
                         |              |              |
           The Rakshaka  |              |              |    Roaming    A Burnt
A rakshaka---Workspace   4--------------6--------------8    Ground---=--Room
   Lair         |        |              |              | for the demon
                =        |              |              |       =
                |        |              |              |       |
             A small--=--5--------------6--------------7--=--A small
              room       |              |              |       room
                         =              |              =
                         |              |              |
                  A grisly scene    A hole in    A grisly scene 
                   SW corner of        the        SE corner of
                     Mausoleum       southern       Mausoleum
                                      wall


1-Northwest main area of the Mausoleum
2-Northern main area of the Mausoleum
3-Northeastern main area of the Mausoleum
4-Western main area of the Mausoleum
5-Southwest main area of the Mausoleum
6-Central main area of the Mausoleum
7-Southeast main area of the Mausoleum
8-Eastern main area of the Mausoleum



           Created By MAMONT




