

			* * * MIDGAARD * * *
			= = = ======== = = =

Rainbow Bridge (Asgard and Valhalla)
                                    /
          North            Temple Altar   Mud School <--- ** NEWBIES **
            |   /Up        (Healer, Pit)      |           ** GO HERE **
            | /                  |       /Entrance to
     West---+---East             |     /  Mud School
          / |                Temple  of       |
    Down/   |        (neutral)Midgaard      Arena
          South               (Recall)
                                 |
                                 |   /In the Air   /Defunct Reception
                  Cleric         | /             /
       Northern   Guild----Temple Square---Grunting---Bar    Northern
       Midgaard              (Fountain)    Boar Inn   |      Midgaard
     (Clan Road)                                Samurai G.  (Clan Road)
           |     Magic           |    Paladin                   |
           |     Shop   Bakery   |      Guild   Weaponsmith     |
           |       |      |      |       |           |          |
To    <---West---Main-Street---Market----Main-Street-+--------East--->Cross
Shire,    Gate     |      |    Square    |           |        Gate    Roads
Forest of  |     Mage  Armoury   |     Jeweler    Warrior       |
Haon-Dor   |     Guild           .                 Guild        |
           |                   High --Butcher                   |
         Wall--Temple   Grocer- Road                         Wall Road
         Road Of Stupid          .       --Warlock G.           |
           |                     |      |                       |
           |    Leather  Map     |    Grebe's  Pet   Apothecary |
           |     Shop    Shop    |    Tavern   Shop  (Potions)  |
           |      |       |    Common   |       |       |       |
          Wall---Poor-Alley----Square---Dark-Alley------+----Wall Road
          Road    |       |      |      |       |       |       |
           |   A-P      Grubby   |   Thieves  Levee   Warehouse |
           |   Guild     Inn     |    Guild   (Boats) (Sailor)  |
           |            /        |              |               |
           |      Assassin       |              |               |
           |        Guild       Dump            |               |
          Wall  Mob      Sewers/ |              |             Wall
          Road--Factory          |              |             Road
           |                   South         Midgaard           |         To the
         Bridge                Bridge         River---------> Bridge <--> Sands
           |                     |                              |           of
        Southern              Southern                       Southern     Sorrow
        Midgaard              Midgaard                       Midgaard



* * * SOUTHERN MIDGAARD * * *
= = =================== = =
West                          South             Kate's                   East
Bridge                         Bridge            Diner                   Bridge
  |                              |                 |                       |
Northwest                        |              Austral                Northeast
Concourse---Promenade--------Promenade----------Square-----------------Concourse
    |           |                |                 |                       |
    |           |                |                 |          Fountain     |
    |           |                |              Emerald           |        |
Concourse     Park              Park-----Park     Ave----Penny--Penny--Concourse
    |         Road            Entrance   Cafe      |     Lane   Lane       |
    |           |                |              Emerald                    |
    |           |                |                Ave                      |
    |           |                |                 |                       |
    |  Guard  Park     Park     The      Park   Emerald   Town             |
    |   HQ----Road---Entrance---Park---Entrance---Ave-----Hall             |
    |           |                                  |                       |
    |         Park              Emerald---------Emerald--------------Gang  |
    |         Road                Ave             Ave                |  |  |
    |           |                  |                                 |  |  |
    |         Park----------------Road----------Park            Elm--Land  |
    |         Road             /Crossing        Road           Street      |
    |          |              /    |              |              |         |
    |        Temple       Chain    |              |              |         |
Concourse   of SUN(good)  /        |            Park----Elm-----Elm---Concourse
    |                    /          |            Road   Street  Street      |
    |       (Redferne's, Harpies)  |              |              |         |
    |                              |              |              |         |
    |                Emerald--Emerald             |          Graveyard     |
    |                  Ave      Ave               |     (Church Catacombs) |
    |                   |                         |                        |
    |                Emerald                    Park    Dark (evil)        |
    |                  Ave                      Road----Temple             |
    |                   |                         |                        |
Concourse-----------Concourse------Inside-----Concourse----------------Concourse
                                 South Gate
                                     |
                                 Miden'Nir
                                 (Goblins)




