                    Nirvana      Firetop
                       =     ***  Mountain
                  ***  = ** f**  *** |                          N up
 Haon Dor  *****ff** **=  ******f**  |                          |/
    *=**f**Evil***f** *================== Field             W --*-- E
   **====f==* Forest** =          =  |                         /|
    *=*     =****f*f*  =          ======                   down S
  Cliff     = *** ======  Guard      | =
            ======= ** = / Post      ===                
            = ****ff***=/ *********  
        ****===*f***************fff**         
    ******* =*****ff* *** ***ff***                 = : roads, trails
      *f*  /=  *****ff*****f**                    *f*: forest
         /**=****ff******                          &~: river 
     Elven *=   *****  *f*  ^/\         
    Valley *= *f*   *****  /^   ^\
         ***=========== Lake City^\
       *f** =********f*    &~~ 
         ** =  ********  *&~ 
          **= *f* *ff** &~ 
            =    **    &~
          .&= &~river~&
        &&~ =
     **ff*  =     Guard Post        ===Plains
         ***=    /   ***********    =
           *=========================
              ****   =    *****     =             /=
                     =  **** ****   = Guard      / =   End of
                     =    Forest    =  Post  Holy  =====Path
                     =      *****   = /     Grove  =
                     =         ***  =/             =
                  Entrance          =              =
                     =  to Plains   ================
                     = /            =
                     =           Dead End