==> Great Hall 2nd floor:
                                         (fly)                                                
                                                                                       
                       Floating     Above the Front    Floating                
                    before Tapestry----of the---------before Tapestry          
                      of the Sword    Great Hall       of the shield           
                     /    |          /   |            /  |                     
                  (11)    |        (12)  |         (13)  |                     
                          |              |               |                     
                      Floating     Floating above     Floating                 
        An Alcove--=---Beside the---the Center of-----Beside the---=--An Alcove
                       Left Wall    the Grate Hall    /Right Wall              
                      /    |         /   |           /   |                     
                   (14)    |       (15)  |         (16)  |                     
                         Floating        |               |                     
                        Above the------Above the-------Above the               
                     Corner of the    Entrance         Corner                  
                       Great Hall    /                 /                       
                                   (17)             (18)                       


==> Great Hall 1st floor:
                                                   
                                      The King's (gate loranhir 49 lvl)
                                       Alcove                    
                                (11)     |   (12)         (13)      
                                 /       |   /            /                       
                       A front Corner   Before   Front Corner    
                           of the------the Alcove--of the        
                         Great Hall      |       Great Hall      
                              |          |          |            
                              |   (14)   |   (15)   |     (16)  
                              |  /       |   /      |     /     
                         Left Wall   The Center  Right Side      
                           of the------of the-----of the         
                         Great Hall   Great Hall  Great Hall     
                                         |          |            
                                         |   (17)   |     (18)
                                         |   /      |     /  
                                    Entrance to-Corner of the    
                                    Great Hall  Great Hall       
                                         |
                                         |          A small room (gate phoenix 50 lvl)
                                         |            /                               
                                         |        Mirror Staircase                    
                                         |          /                                 
                                         |       Mirror Staircase                       
                                         |       /                                            
                                     Intersection                                              
                                         |^             
                                         v+                         "Mirrors" - random область                                         
                    (M1)++++Mirrors+++Mirrors+++Mirrors++++(M1)     - используйте команду "exits"                                      
                               +         +         +                чтобы пройти ее в любую                                            
                               +         +         +                сторону. Там 4 комнаты с 3-мя                                      
                    (M2)++++Mirrors+++Mirrors+++Mirrors++++(M2)     выходами и 5 с 4-мя.                                               
                               +         +         +                Переход к "Intersection"                                           
                               +         +         +                и "Entrance to the Castle"                                         
                    (M3)++++Mirrors+++Mirrors+++Mirrors++++(M3)     через 2 комнаты c 4-мя выходами                                    
==> Random Mirrors:                      ^+                         (См. также рассказ про случайные комнаты.) 
                                         |v                        
                               Entrance to the Castle   
                                         |              
                                         =               
                                         |               
==> Central Part:                 In Front of the        
                                  Castle Entrance        
                                         |               
                                         |               
                                 Along the Pathway       
                                  Above the Realm        
                                         |               
                                         |               
                         Inside the--Beside the---Inside the            
                        Watchtower   watchtowers  Watchtower
                        /                |                 \ 
                    Below the            |            Below the
                   Watchtower      Along the Path     Watchtower
                     /            Above the Realm             \                 
                The Foot of the          |                The Foot of the
(West Mirror)----Rock Ladder             |                  Rock Ladder----(East Mirror)           
                                      The Path   
                                  Above the Realm        
                                         |               
                                         =
                                         |               
                                   Before Face           
                                   of Mountain           
                                         |               
                                   Approaching           
                                   Face of Mountain      
                                         |               
   Miden'nir...--Beginning of--Path--Begin in the         
  (The Plains)    the Path              Path              


==> East Mirror:                                                                                                                                                                                                                  


                                                                                                                                          
 Inside the Fire                                                                                                                          
  The Red Altar                                                                                                                           
         ^   |                                                                                                                            
         |   |                             The Corner         A Grove        A Grove      Corner of                                       
         =   |                               of the-----------of Trees-------of Trees------the Path                                       
         |   v                             Wooden Path                                         |    	          The Temple                 
 Inside the House<--Crawling                    |                                              |                     |        The Library 
    The Kitchen--=->Through-                    |                                              |         The-----The Street--and Bookstore
         |          the Oven-=-The Bedroom--The Wooden----The Swamp--------The Swamp--------The Path  Travellers`    |                   
        (*)                                   Path           |                 |               |        Shop         |                    
                                                |            |       The       |               The              Center of   Path to the   
 (East Mirror)------------=------------The Intersection------|----Bridge Over--|--The Gazebo--Intersection------the Street--Dark Tower----(Dark Tower)
                                                |            |     the Swamp   |               |                     |      
                                                |    Under the Bridge--------Under the Gazebo  |                     |
                                                |            |                 |               |                     |      The Restaurant of the
                                           The Wooden--------The Swamp------The Swamp------The Path                  |       Hemlock Bush
                                              Path             ^             |       (#)       |                     |            |
                                                |              |             |        |        |        The          |      The Bar of the
                                                |             (#)            | Fisherman's Hut |      Sorcery-----Street-----Hemlock Bush 
                                                |                            | /`              |                     |                    
                                           End of the    Edge of the      Below the         The End             A Dark House              
                                              Path---------Forest------Fisherman`s Hut----of the Path 
                                                |             |              |                 |
                            Up the Tree   Dark Forest----Dark Forest-----Dark Forest-----Dark Forest
                                       \        |             |              |
                                       Dark Forest-------Dark Forest-----Dark Forest


==> West Mirror:

                                                                                                                                                                      
                                                                   Bend in          A Grove       A Grove     Corner of       (*)                                    
                                        The Chapel                 the Path---------of Trees------of Trees----the Path         |                                      
                                             |                         |                                          |      Inside the             Inside the Watchtower--(West Mirror)
                           The Library       |         The        Along the Path                               Path in   House: The                     /             
                               And------The Street--Travellers`    Behind the-------The Pond------The Pond---the Garden--Living Room                   /              
                            Bookstore        |         Shop      Wooden Buildings       |            |            |                      Below the Watchtower         
                                             |                         |            CA  |            |            |                      /                            
                  Crossing the Bridge    Center of               Intersection    The/   |     The    |      Intersection                /                             
 (Rainbow Tower)----to the Rainbow-------the Street-----------------in the-----Gazebo---|---Bridge---|---------in the-----=----The Foot of the                        
                                             |                      Garden              |            |         Garden            Rock Ladder                          
      A Bedroom---Hallway---The Honeymoon    |                         |       UBA  Under the-----Under the       |                                                   
                     |          Suite        |                         |         | /   Gazebo      Bridge         |                                                   
                     |                       |                         |         DI     |            |            |                                                   
      A Bedroom---Hallway--Mr. Teece`s Room  |               Along the Path             |            |      The Path in                                               
                     /                       |                 Behind the-----------The Pond------The Pond---the Garden                                               
                    /      The Restaurant    |              Wooden Buildings         |                            |                                                   
                   /      of the Holy Bush   |                         |             |   Inside the               |                                                   
                  /              |           |                         |             |   Fisherman's Hut          |                                                   
            The Bar of the Holly Bush---The Street--The Sorcery        |             |   /                        |                                                   
                                             |                     Path to        Below the     Along the Egde   End of      Inside the Hive                          
                                             |                    the Forest-----Fisherman`s----of the Forest---the Path        |    
                                       Master Dunn`s                   |             Hut             |            |          In Front of the Hive         
                                           House                       |             |               |            |             /     
                                                                       |             |               |            |            =                                      
                                                                 The Forest------The Forest------The Forest--The Forest       /                                       
                                                                                     |               |            |     The Tree                                      
      CA = Crystal Altar                                                             |               |            |    /  House                                       
     UBA = Underwater Cave Blue Altar                                            The Forest------The Forest--The Forest                                               
      DI = Diving                                                                 /                |  ^                                                              
                                                                              The Violet           |  |
                                                                               Altar               |  =                                                             
                                                                                                   v  |                                                             
                                                                                                The Green                                                            
                                                                                                  Altar             

==> Dark Tower & Rainbow Tower                                        
                                                                                                          
                                                                       At the Top of the                  
                   The Top of the Dark Tower: Gray Mists               Tower: The Prism                  
                          /`  /                                             /`      /                     
                         =   /                                             =       /                      
                        /  _/                                             /      _/                       
                    Inside the Dark Tower                              The Violent Room                   
                          /`   /                                            /`    /                       
                         =    /                                            =     /                        
                        /   _/                                            /    _/                         
                    Inside the Dark Tower                              The Blue Room                      
                          /`   /                                            /`   /                        
                         =    /                                            =    /                         
                        /   _/                                            /   _/                          
                     Inside the Dark Tower                             The Green Room                     
                          /`    /                                           /`   /                        
                         =     /                                           =    /                         
                         /   _/                                           /   _/                          
                    Inside the Dark Tower                              The Yellow Room                    
                        /                                                   /`   /                        
 (Dark Tower)----Entrance to the Dark Tower                                =    /                         
                                                                          /   _/                          
                                                                       The Orange Room                    
                                                                            /`   /                        
                                                                           =    /                         
                                                                          /   _/                          
                                                                       The Red Room                                                                                                                                                                                                                                                                                                                 
                                                                            /   /                                                                                      
                                                                           =   /                                                                                      
                                                                          /  _/                                                                                       
                                                                       Entrance to the                                                                                
                                                                       Rainbow Tower-----(Rainbow Tower)                                                               


