                                                              Balcony        
                                                             /   |            
                                    Statue's-Hallway---North/    |          
                                      Room             Stairs    |    
                                        |                |       |    
                                     Bright              |       |    
                                     Hallway             |    Balcony 
                                        |                |    /                           
                                        =                |   /                            
                                        |              South/                             
                Beginning---Dirty-----Nexus-=-Bright---Stairs                             
                 Passage   Hallway      |     Hallway    |                                
                    |         |         |                |                                
   (Chessboard)--Entrance     =         |             Narrow
                  Newbie      |         |             Passage
                 / Zone     Small--=--More Of            |
                /          / Room     Hallway            =
            Temple        =             |                |
         Of Midgaard     /              |                |
       (Old Thalos)    Dark             |                |
                       Pit              |                |
                                        |                |
 An Open Field---End-Of---Brighter----Another-=--------Alchemist 
 by Great Field  Passage  Hallway      Corner            Room    
                                                         /       
                                                        /        
                                                      (1)

                                               
                                               
                                               
                       A Corner In------------------------------------------Another 
                       The Hallway                                           Turn
                           |                                                   |
                           |         A Turn In---A T-Intersection---Another    |
                           |        The Passage   In The Passage    Corner     |
             A Long        |            |              |              |        |
   A Large--East-West---A Crossing------|--------------|------------A Corner   |
    Room     Passage   Of Corridors     |              |             Room      |
      |                    |            |              |                       |
      |                    |    (1)     |              |                       |
      |                    |    /       |              |                       |
 A Passage--------------Entrance     The Red-----------|---------------------Branching
      |                    |           Room            |                     Passage
      |                    |                           |                       |
      |                    |                        Another--------------An Intersection 
      |                    |                        Corner                 Of Passages
      |                    |                                                   |
      |                 A Turn In----A Branch To---------------------------Yet Another 
      |                The Passage    The South                              Corner
      |                                  |
   A Large----------------------------A Large 
    Room                                Room

