$$$ - граница между Ofcol и New Ofcol
                                           B
                                          / 
          Small     Small  Small Kitchen-BH     Small    Small   Small                               
           house    house   house        =      house    house   house                               
             |        |       |         Big       |        |       |                                 
      Small--.--------.-------.--------inter------.--------.-------.--Small                          
      house  |Swiftest|way    |       section     |Swiftest|way    |  house                          
             |        |       |          |        |        |       |                                 
           Small    Small   Small     H-=.=-H   Small    Small   Small                               
           house    house   house     |  |  |   house    house   house                               
                                      B  |  B                                                        
                                         |   
                                      H-=.=-H
                                      |  |  |
                                      B B|  B  B
                                       / |    / 
                            Kitchen--BH-=.=-BH-Kitchen
                                         |
                                         |                                    HW--------HW------ HW
                                         |                                    |         | 11     |
          Local Inn                      |                                    |         | /      |   
     Luxan    |                          |                                    HW        AR       HW  
     Mixed---VS                          |              Outside   Inside      |     14  |     12 |   
      Shop    |    small       $$$      Big   Raff Way  entrance  entrance    |     / Temple  /  |   
             VS----alley---------------inter----.--.----Golden----Golden------HW--AR----of---AR--HW  
              |     |                 section           Citadel   Citadel     |       Ofcol      |   
             VS   future                 |                                    |         |  13    |   
              |  training    Blacksmith--.--Leather Shop                      |         | /      |   
              |    room                  |                                    HW        AR       HW  
             ...              Pawn Shop--.--Meat Store                        |         |        |   
           Plains                        |                                    HW--------HW-------HW  
   (Outside Ofcol)  Nyles' House of Ale--.--Farmer's Market                                          
                                         |Impy                                                       
                          Granny         |way                                                        
                          Steel-=-Shed   |                                            21             
                          Room      |    |                                           /               
                                 F--F----.--DR--Slaughterhouse                     UC                
                                 |  |       |                                      /|                
                                 F--F       |                                24  11 |           22   
                                            |                                /     Hall         /    
                                            |                              UC-------of---------UC    
     Ravan's hideout                Grass   |                              /    DragonLords   /      
   (gate pet draconian)             Field   |                             14        |  23    12      
                                      |     |                                       | /              
                                Pig--DR-----DR--Barn                                UC               
                                Sty   |     |                                       /                
                                    Grass   =                                      13                
                                    Field   |                                                            
                                          Chicken                                  In the Shift from Dragon Tower
                                           Coop                            TC      /
                                                                           /|  Above the Dragon Chamber        
                                                                         21 |   /        
DR = Dirty Road                                                           Dragon         
F = Fields                                                         TC-----Chamber-----TC 
HW = A Hallway of the Golden Citadel                               /        |        /   
AR = The Anteroom to the Temple of Ofcol                          24        |       22   
UC = An Upper Chamber of the Golden Citadel                                 |              
TC = A Top Chamber of the Golden Citadel                                    TC            
VS = Village Street/Village Square                                         /             
PF = Path in the foothills                                                23             
AP = Ancient Path
H  = House
BH = Big House
B  = BedRoom

