                            Old Midgaard        
*****************************************************************************
                Templeman's room
      N                   |
      |                 Temple altar                                    
  W - + - E               |                     
      |                 Temple of Midgaard           GraveYard
      S                   |                              |
                 Wizard   |    Bakery  Weaponsmith       |            
    Necromancer G. |    Market    |         |          Cross    
         |------------- Square ----------------------- Roads -- Forest
         |         |              |         |            |
      Vampire  Jeweller        Genral   Armourer       Village
     Guildroom                 Store                   guarded
                                                         by
                                                    Imperial Guards
                                                  
*****************************************************************************

