CGP = Climbing the Great Piramid
--------------------------------------------------------------------------------
                                                                                              (TR)               
                            (2)                    Tightening    Tiny       Tiny               ^       
                             ^   CGP     (TR)       Crawlway---Crawlway---Crawalway            |            
                             |  (TR)    /`          /     |                   |              Apex                   (5)    
                            (1)/`     (2)      Slippery Crawlway              |  (5)   (TR)<-Great->(4)      (6)<--Dank-->(7)
                            CGP<------CGP->(4) /`  Hole  End                 (6)  /`       Piramids               Chamber   
          (*)              / |      _/ ^      /    _/                       Tiny/        /    |                   /`       
           |              /  |    (TR) |     /    (11)                    Crawlway      =     v                 (7)        Dead    Tomb
        Great      Base  /   |         |    /                                 |         /     (TR)             Spiral       End\   Pharoahs (#)
   ...--Eastern---Piramid    v  (TR)   |   /                                  |    Ladder                     Stairway      |   \     | (stone key от L1)
 Sands  Desert              (3)/`     (4) /                                   |   /                            /            |    =    = (он же от суднука в
  of       |          (1)<--CGP------>CGP/                  Chamber Fire    Musty/       Dust    Smelly      Dust      Turn in    \   |  котором key от L3)
Sorrow    (*)              _/       _/ |                    Efreet--Pool-=-Chamber-----Covered---Chamber---Covered-----Hallway     Tomb
(Inside a                (TR)     (TR) v                  (Gate efreet)       |        Hallway             Hallway       |       Entrance
small tent)                           (3)                                  Crack in                                      |
                                                                             Wall                                        |
                                                                              |                                          |
                                                                           Looted     Ransacked                Fork in   |
                                                  Stairway-=-Demolished-----Tomb--------Tomb--------Tunnel-----Tinnel--Tunnel
                                                        /  L3  Tomb                                              /                                      
                                                       /                                                   Rubble-Strewn           (9)                       
                                                  Stairway                                                   Hallway                ^             
                                                     /                                                           |        (9)       |                                           
                                                    /                                                        Sandstone--Arched--->Arched---Golden
                                                  Stairway                                                     Crypt     Hall      Hall     Crypt
                                                     |                      (11)                                 |                  |            
                                                     =                    Under Hole                         A Massive(10)          |           
                                                     |                        |                              Sand Dune           Arched         
                                                  Ancient                 Rough Crevasse (key от L2)             |                Hall          
                                                   hall                     /         |                         ...                 |           
                                                     |                    Down     Small                    4 случайно           Shining        
                                                  Raised                 Crevasse  Fire                     связанных             Vault         
                                                   Dais                    /                                комнаты с                           
                                                     /                  Creavasse`s                         названием
                                                    =L1                   End                              "A swirling sandstorm"
                                                   /                       |                                    ...                        
                                                 Tomb                      =L2                                   |
                                                Ramses                     |       The djinn (28 lvl)        A Massive
                                                                         Vault.....The magic carpet (9 lvl)  Sand Dune.....great sphinx (41 lvl)
                                                                       of Lamp                                   |          with key ("answer")
                                                                                                                 =L(magic)
                                                                                                                 |          (10)
                                                                                                                 v           /`
                                                                                                             Through the Hole 
                                                                                                              in the Sand
                                                                                                               (вещички)

