                                                                                      The   The
                              Cave entrance                                                 main--main
                                   |       \Giant                                           tent  tent
                                   |        cave                                              |                    
                      Cave-in      |                                                       Beside---warrior`s      
                         |  \ At the fort--Narrow                                        the camel    tent         
                         |  of the rubble   bend                                              |                   (Great Eastern Desert)
                         |           /`      |                                             A nomad--Inside a----...Pyramids 
                         |          /      Large---Damp---Underground                       camp    small     
                         |         /       cave  Hallway  pool                       (B)      |     tent   (C)     (Outside the Gates of Inn of Sorrow)
                         |        /                        |                          |       |             |       Inn of Sorrow
                         |       /                       Damp                   (A)--SSNW----SSNN---------SSNE--(A)   ...
                         |      /                       Hallway                       |       |             |          | 
                         |     /                           |        A long   A wide   |       |             |          |
 Midgaard...----Long----Long--/--Long----Long---------Underground---narrow---tunnel--SSWW----SSCC--<------SSEE------Strange
(On the River) tunnel tunnel /  tunnel  tunnel           lake       tunnel            |       |  ->-(SS11)  |       clowing
                            /     |        |               |                          |       |             |        sand
                           /    Narrow---Large             |                    (D)--SSSW----SSSS---------SSSE--(D)
                          /    crawlay   Cavern            |                          |       |             |      
                         /        |                        |                         (B)      |            (C)     
                        /         |                        |                                  |
                       /        Fungus----Fungus           |                                  |
                      /          path      path            |                                  |
                     /                       |             |                                  |
                    /                        |             |                                  |
                   /                       Fungus--Sloping |                                  |
                  /                        temple  passage |                                  |
                 /                                     \   |                                  |
                /                                       Sloping                               |
               /                                        pasage                                |        
              /                                                                               |        
         A small    A narrower  A wide    L                   The                             |        
          shaff       tunnel----tunnel----=--The misterious---cave--------------------------The wind   
             |          |                        lair        mouth                          swept ledge
             |          |                                                      
 A dark---A small---A narrow crack                                             
and evil  cavern                                                               
 cavern                                                                        
--------------------------------------------------------------------------------

Случайная часть Sands of Sorrow (<++> - это ходы из комнаты в саму себя)
Из всех комнат ведут по 4 случайных перехода на [NESW].
(См. также рассказ про случайные комнаты и метод прохода ниже)

                                  New Thalos           
                             (Outside the Southern
                              Gate of New Thalos) 
                                     ...
                                     |^ 
                                     |+       
                                     v+       
                                    SSS7<++> 
                                    +  +
                                   +    +
                  (SSSW)          +      V       
                  ^  ^ ^    <++>SSS5++++SSS6<++> 
                 +   +  +        + +    +
          ^     + ^  +   +      +  +   +
          +    +  +  +    +    +   +  +
          v   +   v  +     +  V    + V
 (SSCC)-->SSS1+++>SSS2+++>SSS3+++>SSS4<++>
              +    +        + +  + +
               +    +      +   ++  +
                +    +    +    ++  +
                 +    +  +    +  + +
                  +    vv    +    VV
                   +>(SSSS)<+  Внутри странного   
                               вихрЯ (Within a 
                               strange vortex) 
                                    /          
                                  ...         
                                Mega City One  
                               (Entrance to    
                                Mega-City One) 

--------------------------------------------------------------------------------

Комнаты The Sands of Sorrow - norecall, они помечены как SS##, где ## - два символа. Из них 9 комнат, образующих между собой квадрат 3 x 3 на верхней схеме. Переходы между ними постоянны. Переход от SSCC на восток ведет в другие комнаты с теми же названиями, но выходы из этих комнат случайным образом перепутаны. Аккуратно двигаясь от комнаты к комнате можно увидеть с помощью команды exits либо вход в Mega-City One (Within a strange vortex), либо вход в Новый Талос (Outside the Southern Gate of New Thalos). Общий принцип прохода - стараться не вывалится из случайной части в неслучайную (комнаты SSSW, SSSS). А вывалившись, быстренько найти комнату SSCC (где червь), потом на восток, повторить путь до места, где вы ошиблись и попробовать другое направление. Комнаты отличаются описаниями, причем некоторые совпадают: 
SS33,SS44,SS55,SS66,SS77,SSNW: 
ОднообразнаЯ пустынЯ простираетсЯ на многие мили вокруг. Чувство тоски и одиночества не покидает Вас... 
SSWW: 
ПустынЯ простираетсЯ на многие мили вокруг. 
SSSW: 
ОднообразнаЯ пустынЯ простираетсЯ на многие мили вокруг. Ноги постоЯнно вЯзнут в песке, дышать трудно, во рту пересохло... Одиноко и тоскливо здесь. 
SSNN: 
ОднообразнаЯ пустынЯ простираетсЯ на многие мили вокруг. Чувство тоски и одиночества не покидает Вас... Ветер вЯло переносит тучи песка с бархана на бархан. 
SSCC: 
ПустынЯ... Всё тот же песок, всё те же барханы... Песок раскалён до такой степени, что даже не остывает по ночам. 
SSSS: 
ОднообразнаЯ пустынЯ простираетсЯ на многие мили вокруг. Ветер лениво бросает раскалённый песок Вам в лицо. 
SSNE: 
ОднообразнаЯ пустынЯ простираетсЯ на многие мили вокруг. Идти тЯжело - ноги постоЯнно вЯзнут в зыбучем песке. 
SSEE, SSSE, SS11, SS22: 
ОднообразнаЯ пустынЯ простираетсЯ на многие мили вокруг. Чувство тоски и одиночества не покидает Вас... 
