                   **********  map of Sewers (lev 1)  ***********

  muddy                                            small room
   sewer      *-------------*----------*------>*------->*-------*-------*
     *        |             |          |                |               |
     |        |             |          |           S    |               |
     |        |             |     anoth|er         E    *               |
     |        *-----*       |          *-----*----*W    |               *
     |              |       |     inter|sec  |   R|E    |               |
     *-----*        |       |          |     *   O|R    |               |
     |     |        |       |          |         O*     *-------*       |
     |     |        *-------|----------*         M|     |       |      W*       
 mud |     |        |       |          |         S|     |      D|      A|      
  hol*     |        |       |          |          *-----*      A|      T|      
    /      |        |       |          |                       R|      E|      
   1       |        |       |  old     |                       K|      R|      
           |        |       |    well  |                        |      Y*-----*
           |        |       |     *----*-----------------*     P*       |     |
           |        |       |    /                       |     A|      S|     |
           |        |       |   *                        |     S|      E|     |
           |        |       |                            |     S|      W*     |
           |        |       |                            |     A|      E|     |
           *--------*   *---*-----------*----------------*     G|      R|     |
           |            |               |                      E*       |     |
           |            |               |                      W|       |     |
           |            |               | DUMP                 A|       *-----*
           |            |               |/   pit               Y|       |    /
   dark    |            |          *<---*----*                  |       |   /
    pit    |            |         /     |   /                   |       |  *
    *------*------------*         3     |  4          sewers    *       |
   /       |            |               |        *shaft  *      |       *
   2       |            |               *       /|       |      |       |
           |            |               |      5 |       |      |       |
           |            |               |        *       |      |       |
           |            |               |        |       |      |       |
           *------------*---------------*--------*-------*------*-------*

1 - under mudhole (level 2)
2 - under dark pit (level 2)
3 - odd intersection (level 2)
4 - under pit (level 2)
5 - under shaft (level 2)

=================================================================================

                ***** Sewers (level 2) *****

                           narrow ledge
                         *------*------*        1 - path in UnderDark 
                         |      |      |        2 - swewers drain (level 3)
                        n|      #      v        3 - pit (level 1)
                        a*--#       #--*        4 - shaft (level 1)
                        r|      M      |l       5 - dark pit (level 1)
                        r|      i      ve       6 - cave entrance(level 3)
                        o*--#   d   #--*d
  under                 w|             |g
  mudhole                |      A      ve
   *------------*       l*--#   i   #--*
                |       e|      r      |     4   
                |       d|             v    /      
                |       g*--#   #   #--*---*
                |       e|  led |ge    |
                |        *------*------*
                |       /|      |
under           |      1 |      *
dark 5          |        |     /      3
pit /           |     odd|    2   un /der
   *------------*--------*----------*
  /                 intersection    pit
 6
