			///The Shire\\\



							The Lower Shire
                                                        ---------------
               Bedroom---Bag End---Pantry                Pantry
                            |            \                    \
                 Coop       |          Lower                 Tunnel
                   |      Delving      Shire        Halfling    |
                 Barn      Lane                       Hole---Tunnel
                  |        |                                   |  Halfling
       Gamgee    Grassy---Delving--Shiriff       Shiriff Post---|---Hole
      Residence  Field     Lane    Post    Inn                  |        
          |        |        |             /       Watermill     |     Recall
        Stony---Pig Pen   Delving---Green/          /           |       /
         Path              Lane     Dragon       tunnel-------tunnel--tunnel
                            |
                        Brandywine      General   House
                          Bridge         Store   of Arms
                            |              |       |
                       Bywater Road        |Bywater|     Bend
 Western--Grassy--Took---------------Shire----------------in--Shiriff--Thain's
   End    Field   Hill |    |     |Entrance  Road  |     Road  Post   Office
                       | Grocer's |     |          |       |                 
                       | Delight  |    path        Kid'n Bywater---Training
                     entry     Shiriff  |          Keep   Road     Grounds
                       |         Post  path                |
                   watermill            |         smial--Bywater--smial
                       |               path               Road
                     rear                                  |
                         \                               Ivy Bush
                        Lower
                         Shire

