
		* * * Smurf Village * * *
		= = = ============= = = =

Gargamel's
    Castle                     N U
      |                        |/
    Outside                 W-- --E
  Gargamel's                  /|
    Castle                   D S
      |
    Path to
  Gargamel's
    Castle
      |
    Smurfy----Smurfy----Smurfy----Smurfberry
     Road      Road      Road       Path
      |                   |           |
  Jokey Smurf's           |           |
     Home                 |           |
                          |           |
    Grumpy-----Stone----Smurfy----Smurfberry
   Smurf's     Path      Road       Path
    Home         |        |           |
               Papa       |           |
              Smurf's     |           |
               Home       |           |
                          |           |
          Smurfette's---Smurfy----Smurfberry
             House       Road       Path
                          |
   Sleepy                 |
   Smurf's----Smurfy----Smurfy----Handy Smurf's
    Home       Road      Road        Home
                |         |                Brainy Smurf's
                |         |                   Home
                |         |                    |
              Smurfy----Smurfy---------------Smurfy
               Road      Road                 Road
                |         |
                |         |
             Hefty    Entrance to
            Smurf's  Smurf Village
             Home         |
                          |
                      Dimly Lit
                        Path
                          |
                          |
                      Dimly Lit
                        Path
                          |
                          |
                      Dimly Lit
                        Path

