RUINED OF THALOS

     /                                                               /
  Under-----------back-----------side--------------------back----under 
watchtower        alley         street                   alley   watchtower
    |                              |                       |      |
    |                              |                       |      |
    |                              |                       |      |
    |                              |                       |      |
  back                ruined------side------unpringht--- bath     back
  alley                clay      street       house      house    alley
    |                dwelling      |                              |
    |                              |                              |
    |                              |                              |
    |                              |                              |
 tapestry--juwelery  collapsed    side        /                   |
  stand      stand     stone-----street----tell------small        |
    |          |      dweling      |      dweling    shack        |
    |          |                   |                              |
  market----market                 |                              |
   palace   palace      garden---garden                           |
    |          |         path    path                             |
    |          |          |        |                              |
   meat-----produce       |        |                              |
   stand     stand      temple     |                              |
    |                     of-----garde
