                                       *-*-*-* 
                                       * Elf *
                 *--*--*      Arcadia  * Home*
                 * Home* -- *     |    *-*-*-*
                 *--*--*    |     |      |      
                            * -- Trail - *
                                  |
                                  *
                      the Winding | trail on  the
  To Mirkwood <--- g * === * ==== | * === * == * R
                  n  =            |/           = i
                 o   =       * -- * -- *       = m
                 l ***       |    |    |       *** o 
                 A =    * -- * -- * -- * -- *    = f
                   * \  |    |    |    |    |   /* 
                   =   \|The Valley of Elves| /  = V
                   =    *    *    *    *    *    = a
                   ***  |    |    |    |    |  *** l
                     =  * -- * -- * -- * -- *  =  l
                     =       |    | *  |       = e
                     * === * |=== | * =|= * == * y
                             |    |/   |
                             * -- * -- *      
                                  |
                             The Entrance
             To Mirkwood <--- to Valley 