			Westland


**************************************************************** 
*/^/^/^\^\^\^\^/^\^\^\^\^\^\^\^\^/^\ ***********=-=-=- =-=-=-= * 
*/^\^\^/^\^\^/^\^\^\^\^\^\^\^/^\ -=- *D'H A R A*=-=- =-=-=- =  * 
*^\^/^/^\^\^/^\^/^\^\^\^\^\ -=- =-=-=***********=-=-=-=- =-=-= * 
*/^/^/^\^T/^/^\^\^\^\ -=- =-=-=-=-=-=-=-=- =-=-=-=-=- =-=-=-   * 
*/^/^/^/^\H\^\^\^\   -=-=-=-=-=-=- =-=-=-=-=-=-=-=-=-=-=-=-=-  * 
*/^/^\^\^\^E/^/^\  -=-=-=-=-=-=-=-=-=-=-=-=-=-=-=-=-=-=-=-=-=  * 
*^\^\^\^B/^/^\^\  =-=-=-=  -=-=-=- =-=-=-=-=- =-=-=-=-=-=-- =- * 
*/^/^\^\^O/^/^\^\^\ -=  *============================*  -=-=-  * 
*/^/^/^/^/U/^/^\   =-=  |     /^/^/^/^/^/^/^/^\^\    |  -=-=-= * 
*/^/^/^/^\^N/^/^\^\ -=  | /^\^\^\^/^/PEOPLE'S/^/^\^\ |   =-= - * 
*^/^/^/^\^\^D/^\   -=-  | /^\   /^/^\  ***  /^/^\^\^\|  =- =-  * 
*/^/^/^/^/^\^A/^/^/^\^\ |    /^/^\^\   ***  /^/^\^\^\|   -=-=- * 
*/^/^\^\^\^\^/R/^/^\ -  | /^/^/^/^/--/PALACE /^/^\^\ |  -=- =  * 
*/^/^/^/^\^\^\^Y/^/^/^\ |    /^/^|--|^/^/^/^\^\^\    |   =-=-  * 
*/^/^\^\^\^\^\^\^\^\ -  | /^/^/^\^\--\^\^\^\^\^\     |  -=-=-  * 
*/^/^\^\^\^\^\^\  =-=-  |   /^/^\^\|--|/^/^\^\^\^\   |  =-=-=- * 
*/^/^\^\^\^\^\  =-=-=-  *==========*---*=============*   =-    * 
*/^/^\^\^\    -=-=--=-=-=-=-=-=-=-= |_ | -=- =-=-=-=-=- =-=-=- * 
*/^/^/^/^\^\^\   =-=-=-=-=-=-=-=-= /_ / -=-=-=-=-=-=-=-=-=- =  * 
*/^/^/^/^/^\   -=-=-=-=-=-=-=-=-= |__| ==-=-=-=-=-=-=-=-=- =-= * 
*/^/^/^/^/^/^/^\  =-=-=-=-= =-=-=      =-=-=-=- =-=-=-=-=-=-=- * 
*/^/^\^\^\^\   =-=-=-=-=-= =-=-=-=-=-=-=-=-=-=-=-=-=-=-=-=-=-  * 
*/^/^\-=-/^\^\^\  =-=-=-=-=-=-=-=-=-=-=-=-=-=--=-=- =-=-=- =-  * 
*^\^\^\^\^/^\   -==-=-=-=- =-=-=-=-=-=-=- =-=-=-=-=-=- =-=-  /^* 
*^\^\^/^\^/^\^\  =-=-=-=-=-=-=- =-=-=-=-=-=-=- =-=-=-=-  /^/^/^* 
*\^\^\^/^  -=-=-=-=- AZRITH =-=-=-=-=-=-=-=-=-=-=-=-=-=   /^/^/* 
*/^/^/^\ -=-=-=--=-=- PLAINS -=-=-=-=-=-=-=-=-=-=-   /^/^/^/^\^* 
* THE      -=-=-=-=-=-=-=-=-=-=-=-=-=- =-=-=-=-=-=   /^/^/^\^\^* 
*########     =-=-=-=-=-=-=-=-=-=-=-=-=-=-=   /^/^/^\^\^/^/^\^\* 
* NARROWS/^/^\  =-=-=-=-=-=-=-=-=-=-=--  /^/^/^/^\^\^\^\^\^\^\^* 
*          /^/^\ =-=-=-=-=-=-=-=-=-=-=-=-=-=-=-=  /^\^\^\^\^\^/* 
* /^\^\^\^\^/^/^/^/^\^\=-=/^/^\=--=-/^/^\^\^\^/^\^/^\^/^\^\^\^\* 
* /^/^/^\=-/^/^/^/^\^/^/^/^\^\=-/^/^\^\^\^/^/^/^\^/^\^/^\^\^\^/* 
*/^/^/^\=-=-=-=-=-/^\ =-=-= /^\^/^\^\^\^\^/^\^\^/^\^\^\^\^/^/^\* 
*/^/^\^\^/^\^\^\-=-=-=-/^\^\^\^/^/^/^/^/^\^\^\^/^/^\^/^\^\^/^\^*
**************************************************************** 

